Archive member included to satisfy reference by file (symbol)

app/libapp.a(main.c.obj)      (--whole-archive)
zephyr/libzephyr.a(cbprintf_packaged.c.obj)
                              (--whole-archive)
zephyr/libzephyr.a(dec.c.obj)
                              (--whole-archive)
zephyr/libzephyr.a(fdtable.c.obj)
                              (--whole-archive)
zephyr/libzephyr.a(hex.c.obj)
                              (--whole-archive)
zephyr/libzephyr.a(printk.c.obj)
                              (--whole-archive)
zephyr/libzephyr.a(rb.c.obj)  (--whole-archive)
zephyr/libzephyr.a(sem.c.obj)
                              (--whole-archive)
zephyr/libzephyr.a(thread_entry.c.obj)
                              (--whole-archive)
zephyr/libzephyr.a(timeutil.c.obj)
                              (--whole-archive)
zephyr/libzephyr.a(heap.c.obj)
                              (--whole-archive)
zephyr/libzephyr.a(heap-validate.c.obj)
                              (--whole-archive)
zephyr/libzephyr.a(bitarray.c.obj)
                              (--whole-archive)
zephyr/libzephyr.a(multi_heap.c.obj)
                              (--whole-archive)
zephyr/libzephyr.a(cbprintf_complete.c.obj)
                              (--whole-archive)
zephyr/libzephyr.a(cbprintf.c.obj)
                              (--whole-archive)
zephyr/libzephyr.a(assert.c.obj)
                              (--whole-archive)
zephyr/libzephyr.a(mpsc_pbuf.c.obj)
                              (--whole-archive)
zephyr/libzephyr.a(configs.c.obj)
                              (--whole-archive)
zephyr/libzephyr.a(soc.c.obj)
                              (--whole-archive)
zephyr/libzephyr.a(stm32cube_hal.c.obj)
                              (--whole-archive)
zephyr/libzephyr.a(soc_config.c.obj)
                              (--whole-archive)
zephyr/libzephyr.a(log_core.c.obj)
                              (--whole-archive)
zephyr/libzephyr.a(log_mgmt.c.obj)
                              (--whole-archive)
zephyr/libzephyr.a(log_cache.c.obj)
                              (--whole-archive)
zephyr/libzephyr.a(log_msg.c.obj)
                              (--whole-archive)
zephyr/libzephyr.a(log_output.c.obj)
                              (--whole-archive)
zephyr/libzephyr.a(log_backend_rtt.c.obj)
                              (--whole-archive)
zephyr/libzephyr.a(log_backend_uart.c.obj)
                              (--whole-archive)
zephyr/libzephyr.a(tracing_none.c.obj)
                              (--whole-archive)
zephyr/arch/common/libarch__common.a(sw_isr_common.c.obj)
                              (--whole-archive)
zephyr/arch/arch/arm/core/aarch32/libarch__arm__core__aarch32.a(cpu_idle.S.obj)
                              (--whole-archive)
zephyr/arch/arch/arm/core/aarch32/libarch__arm__core__aarch32.a(fatal.c.obj)
                              (--whole-archive)
zephyr/arch/arch/arm/core/aarch32/libarch__arm__core__aarch32.a(irq_manage.c.obj)
                              (--whole-archive)
zephyr/arch/arch/arm/core/aarch32/libarch__arm__core__aarch32.a(nmi.c.obj)
                              (--whole-archive)
zephyr/arch/arch/arm/core/aarch32/libarch__arm__core__aarch32.a(nmi_on_reset.S.obj)
                              (--whole-archive)
zephyr/arch/arch/arm/core/aarch32/libarch__arm__core__aarch32.a(prep_c.c.obj)
                              (--whole-archive)
zephyr/arch/arch/arm/core/aarch32/libarch__arm__core__aarch32.a(swap.c.obj)
                              (--whole-archive)
zephyr/arch/arch/arm/core/aarch32/libarch__arm__core__aarch32.a(swap_helper.S.obj)
                              (--whole-archive)
zephyr/arch/arch/arm/core/aarch32/libarch__arm__core__aarch32.a(thread.c.obj)
                              (--whole-archive)
zephyr/arch/arch/arm/core/aarch32/libarch__arm__core__aarch32.a(isr_wrapper.S.obj)
                              (--whole-archive)
zephyr/arch/arch/arm/core/aarch32/cortex_m/libarch__arm__core__aarch32__cortex_m.a(exc_exit.S.obj)
                              (--whole-archive)
zephyr/arch/arch/arm/core/aarch32/cortex_m/libarch__arm__core__aarch32__cortex_m.a(fault.c.obj)
                              (--whole-archive)
zephyr/arch/arch/arm/core/aarch32/cortex_m/libarch__arm__core__aarch32__cortex_m.a(fault_s.S.obj)
                              (--whole-archive)
zephyr/arch/arch/arm/core/aarch32/cortex_m/libarch__arm__core__aarch32__cortex_m.a(fpu.c.obj)
                              (--whole-archive)
zephyr/arch/arch/arm/core/aarch32/cortex_m/libarch__arm__core__aarch32__cortex_m.a(irq_init.c.obj)
                              (--whole-archive)
zephyr/arch/arch/arm/core/aarch32/cortex_m/libarch__arm__core__aarch32__cortex_m.a(reset.S.obj)
                              (--whole-archive)
zephyr/arch/arch/arm/core/aarch32/cortex_m/libarch__arm__core__aarch32__cortex_m.a(scb.c.obj)
                              (--whole-archive)
[...]
Memory Configuration

Name             Origin             Length             Attributes
FLASH            0x0000000008000000 0x0000000000010000 xr
RAM              0x0000000020000000 0x0000000000005000 xw
IDT_LIST         0x00000000fffff7ff 0x0000000000000800 xw
*default*        0x0000000000000000 0xffffffffffffffff

Linker script and memory map

LOAD zephyr/CMakeFiles/zephyr_pre0.dir/misc/empty_file.c.obj
LOAD zephyr/CMakeFiles/offsets.dir/./arch/arm/core/offsets/offsets.c.obj
LOAD app/libapp.a
LOAD zephyr/libzephyr.a
LOAD zephyr/arch/common/libarch__common.a
LOAD zephyr/arch/arch/arm/core/aarch32/libarch__arm__core__aarch32.a
LOAD zephyr/arch/arch/arm/core/aarch32/cortex_m/libarch__arm__core__aarch32__cortex_m.a
LOAD zephyr/lib/libc/newlib/liblib__libc__newlib.a
LOAD zephyr/lib/libc/common/liblib__libc__common.a
LOAD zephyr/drivers/interrupt_controller/libdrivers__interrupt_controller.a
LOAD zephyr/drivers/clock_control/libdrivers__clock_control.a
LOAD zephyr/drivers/console/libdrivers__console.a
LOAD zephyr/drivers/gpio/libdrivers__gpio.a
LOAD zephyr/drivers/pinctrl/libdrivers__pinctrl.a
LOAD zephyr/drivers/reset/libdrivers__reset.a
LOAD zephyr/drivers/sensor/dht/libdrivers__sensor__dht.a
LOAD zephyr/drivers/serial/libdrivers__serial.a
LOAD zephyr/drivers/timer/libdrivers__timer.a
LOAD modules/stm32/stm32cube/lib..__modules__hal__stm32__stm32cube.a
LOAD modules/segger/libmodules__segger.a
LOAD modules/drivers/dht_driver/lib..__..__dht22__drivers__dht_driver.a
LOAD zephyr/kernel/libkernel.a
LOAD d:/desktop/source/zephyr-sdk-0.16.1/arm-zephyr-eabi/bin/../lib/gcc/arm-zephyr-eabi/12.2.0/thumb/v7-m/nofp\libgcc.a
LOAD zephyr/arch/common/libisr_tables.a
LOAD D:/Desktop/source/zephyr-sdk-0.16.1/arm-zephyr-eabi/arm-zephyr-eabi/lib/thumb/v7-m/nofp\libm.a
LOAD D:/Desktop/source/zephyr-sdk-0.16.1/arm-zephyr-eabi/arm-zephyr-eabi/lib/thumb/v7-m/nofp\libc.a
LOAD d:/desktop/source/zephyr-sdk-0.16.1/arm-zephyr-eabi/bin/../lib/gcc/arm-zephyr-eabi/12.2.0/thumb/v7-m/nofp\libgcc.a
LOAD D:/Desktop/source/zephyr-sdk-0.16.1/arm-zephyr-eabi/arm-zephyr-eabi/lib/thumb/v7-m/nofp\libc.a
                0x0000000000000004                _region_min_align = 0x4

.rel.plt        0x0000000008000000        0x0
 *(SORT_BY_ALIGNMENT(.rel.plt))
                [!provide]                        PROVIDE (__rel_iplt_start = .)
 *(SORT_BY_ALIGNMENT(.rel.iplt))
 .rel.iplt      0x0000000008000000        0x0 app/libapp.a(main.c.obj)
                [!provide]                        PROVIDE (__rel_iplt_end = .)

.rela.plt       0x0000000000000000        0x0
 *(SORT_BY_ALIGNMENT(.rela.plt))
                [!provide]                        PROVIDE (__rela_iplt_start = .)
 *(SORT_BY_ALIGNMENT(.rela.iplt))
                [!provide]                        PROVIDE (__rela_iplt_end = .)

.rel.dyn
 *(SORT_BY_ALIGNMENT(.rel.*))

.rela.dyn
 *(SORT_BY_ALIGNMENT(.rela.*))

/DISCARD/
 *(SORT_BY_ALIGNMENT(.plt))

/DISCARD/
 *(SORT_BY_ALIGNMENT(.iplt))
                0x0000000008000000                __rom_region_start = 0x8000000

rom_start       0x0000000008000000      0x130
                0x0000000008000000                __rom_start_address = .
                0x0000000008000000                . = (. + (0x0 - (. - __rom_start_address)))
                0x0000000008000000                . = ALIGN (0x4)
                0x0000000008000000                . = ALIGN (0x80)
                0x0000000008000000                . = ALIGN (0x200)
                0x0000000008000000                _vector_start = .
 *(SORT_BY_ALIGNMENT(.exc_vector_table))
 *(SORT_BY_ALIGNMENT(.exc_vector_table.*))
 .exc_vector_table._vector_table_section
                0x0000000008000000       0x40 zephyr/arch/arch/arm/core/aarch32/cortex_m/libarch__arm__core__aarch32__cortex_m.a(vector_table.S.obj)
                0x0000000008000000                _vector_table
 *(SORT_BY_ALIGNMENT(.vectors))
                0x0000000008000130                _vector_end = .
                0x0000000008000040                . = ALIGN (0x4)
 *(SORT_BY_ALIGNMENT(.gnu.linkonce.irq_vector_table*))
 .gnu.linkonce.irq_vector_table
                0x0000000008000040       0xf0 zephyr/arch/common/libisr_tables.a(isr_tables.c.obj)
                0x0000000008000040                _irq_vector_table
                0x0000000008000130                _vector_end = .

text            0x0000000008000130     0xe554
                0x0000000008000130                __text_region_start = .
 *(SORT_BY_ALIGNMENT(.text))
 .text          0x0000000008000130      0x378 d:/desktop/source/zephyr-sdk-0.16.1/arm-zephyr-eabi/bin/../lib/gcc/arm-zephyr-eabi/12.2.0/thumb/v7-m/nofp\libgcc.a(_arm_addsubdf3.o)
                0x0000000008000130                __aeabi_drsub
                0x0000000008000138                __aeabi_dsub
                0x0000000008000138                __subdf3
                0x000000000800013c                __aeabi_dadd
                0x000000000800013c                __adddf3
                0x00000000080003b4                __floatunsidf
                0x00000000080003b4                __aeabi_ui2d
                0x00000000080003d4                __floatsidf
                0x00000000080003d4                __aeabi_i2d
                0x00000000080003f8                __aeabi_f2d
                0x00000000080003f8                __extendsfdf2
                0x000000000800043c                __floatundidf
                0x000000000800043c                __aeabi_ul2d
                0x000000000800044c                __floatdidf
                0x000000000800044c                __aeabi_l2d
 .text          0x00000000080004a8      0x424 d:/desktop/source/zephyr-sdk-0.16.1/arm-zephyr-eabi/bin/../lib/gcc/arm-zephyr-eabi/12.2.0/thumb/v7-m/nofp\libgcc.a(_arm_muldivdf3.o)
                0x00000000080004a8                __aeabi_dmul
                0x00000000080004a8                __muldf3
                0x00000000080006fc                __divdf3
                0x00000000080006fc                __aeabi_ddiv
 .text          0x00000000080008cc       0x30 d:/desktop/source/zephyr-sdk-0.16.1/arm-zephyr-eabi/bin/../lib/gcc/arm-zephyr-eabi/12.2.0/thumb/v7-m/nofp\libgcc.a(_aeabi_uldivmod.o)
                0x00000000080008cc                __aeabi_uldivmod
 .text          0x00000000080008fc        0x4 d:/desktop/source/zephyr-sdk-0.16.1/arm-zephyr-eabi/bin/../lib/gcc/arm-zephyr-eabi/12.2.0/thumb/v7-m/nofp\libgcc.a(_dvmd_tls.o)
                0x00000000080008fc                __aeabi_idiv0
                0x00000000080008fc                __aeabi_ldiv0
 .text          0x0000000008000900      0x110 d:/desktop/source/zephyr-sdk-0.16.1/arm-zephyr-eabi/bin/../lib/gcc/arm-zephyr-eabi/12.2.0/thumb/v7-m/nofp\libgcc.a(_arm_cmpdf2.o)
                0x0000000008000900                __gtdf2
                0x0000000008000900                __gedf2
                0x0000000008000908                __ltdf2
                0x0000000008000908                __ledf2
                0x0000000008000910                __nedf2
                0x0000000008000910                __eqdf2
                0x0000000008000910                __cmpdf2
                0x000000000800098c                __aeabi_cdrcmple
                0x000000000800099c                __aeabi_cdcmpeq
                0x000000000800099c                __aeabi_cdcmple
                0x00000000080009ac                __aeabi_dcmpeq
                0x00000000080009c0                __aeabi_dcmplt
                0x00000000080009d4                __aeabi_dcmple
                0x00000000080009e8                __aeabi_dcmpge
                0x00000000080009fc                __aeabi_dcmpgt
 .text          0x0000000008000a10       0xec D:/Desktop/source/zephyr-sdk-0.16.1/arm-zephyr-eabi/arm-zephyr-eabi/lib/thumb/v7-m/nofp\libc.a(lib_a-memcpy.o)
                0x0000000008000a10                memcpy
 .text          0x0000000008000afc       0x2c d:/desktop/source/zephyr-sdk-0.16.1/arm-zephyr-eabi/bin/../lib/gcc/arm-zephyr-eabi/12.2.0/thumb/v7-m/nofp\libgcc.a(_arm_unorddf2.o)
                0x0000000008000afc                __unorddf2
                0x0000000008000afc                __aeabi_dcmpun
 .text          0x0000000008000b28       0x50 d:/desktop/source/zephyr-sdk-0.16.1/arm-zephyr-eabi/bin/../lib/gcc/arm-zephyr-eabi/12.2.0/thumb/v7-m/nofp\libgcc.a(_arm_fixdfsi.o)
                0x0000000008000b28                __aeabi_d2iz
                0x0000000008000b28                __fixdfsi
 .text          0x0000000008000b78      0x2a0 d:/desktop/source/zephyr-sdk-0.16.1/arm-zephyr-eabi/bin/../lib/gcc/arm-zephyr-eabi/12.2.0/thumb/v7-m/nofp\libgcc.a(_udivmoddi4.o)
                0x0000000008000b78                __udivmoddi4
 *(SORT_BY_ALIGNMENT(.text.*))
 .text.main     0x0000000008000e18      0x12c app/libapp.a(main.c.obj)
                0x0000000008000e18                main
 *fill*         0x0000000008000f44        0x4 
 .text.dht_measure_signal_duration.isra.0
                0x0000000008000f48       0x8c zephyr/drivers/sensor/dht/libdrivers__sensor__dht.a(dht.c.obj)
 *fill*         0x0000000008000fd4        0x4 
 .text.dht_measure_signal_duration.isra.0
                0x0000000008000fd8       0x8c modules/drivers/dht_driver/lib..__..__dht22__drivers__dht_driver.a(dht_driver.c.obj)
 *fill*         0x0000000008001064        0x4 
 .text._dtoa_r  0x0000000008001068      0xe54 D:/Desktop/source/zephyr-sdk-0.16.1/arm-zephyr-eabi/arm-zephyr-eabi/lib/thumb/v7-m/nofp\libc.a(lib_a-dtoa.o)
                0x0000000008001068                _dtoa_r
 .text.cbvprintf_package
                0x0000000008001ebc      0x3a4 zephyr/libzephyr.a(cbprintf_packaged.c.obj)
                0x0000000008001ebc                cbvprintf_package
 .text.cbprintf_package_convert
                0x0000000008002260      0x3bc zephyr/libzephyr.a(cbprintf_packaged.c.obj)
                0x0000000008002260                cbprintf_package_convert
 .text.__printk_hook_install
                0x000000000800261c        0xc zephyr/libzephyr.a(printk.c.obj)
                0x000000000800261c                __printk_hook_install
 .text.vsnprintk
                0x0000000008002628       0x2c zephyr/libzephyr.a(printk.c.obj)
                0x0000000008002628                vsnprintk
 .text.extract_decimal
                0x0000000008002654       0x2c zephyr/libzephyr.a(cbprintf_complete.c.obj)
 .text.encode_uint
                0x0000000008002680       0x98 zephyr/libzephyr.a(cbprintf_complete.c.obj)
 .text.z_cbvprintf_impl
                0x0000000008002718      0xcd4 zephyr/libzephyr.a(cbprintf_complete.c.obj)
                0x0000000008002718                z_cbvprintf_impl
 .text.stm32f1_init
                0x00000000080033ec       0x14 zephyr/libzephyr.a(soc.c.obj)
 .text.st_stm32_common_config
                0x0000000008003400       0x30 zephyr/libzephyr.a(soc_config.c.obj)
 .text.activate_foreach_backend
                0x0000000008003430       0x64 zephyr/libzephyr.a(log_core.c.obj)
 .text.enable_logger
                0x0000000008003494       0x5c zephyr/libzephyr.a(log_core.c.obj)
 .text.log_process_thread_timer_expiry_fn
                0x00000000080034f0        0xc zephyr/libzephyr.a(log_core.c.obj)
 .text.z_log_init
                0x00000000080034fc       0x8c zephyr/libzephyr.a(log_core.c.obj)
 .text.log_format_func_t_get
                0x0000000008003588        0xc zephyr/libzephyr.a(log_core.c.obj)
                0x0000000008003588                log_format_func_t_get
 .text.log_set_timestamp_func
                0x0000000008003594       0x20 zephyr/libzephyr.a(log_core.c.obj)
                0x0000000008003594                log_set_timestamp_func
 .text.z_log_notify_backend_enabled
                0x00000000080035b4       0x1c zephyr/libzephyr.a(log_core.c.obj)
                0x00000000080035b4                z_log_notify_backend_enabled
 .text.z_log_dropped
                0x00000000080035d0       0x30 zephyr/libzephyr.a(log_core.c.obj)
                0x00000000080035d0                z_log_dropped
 .text.z_log_dropped_read_and_clear
                0x0000000008003600       0x20 zephyr/libzephyr.a(log_core.c.obj)
                0x0000000008003600                z_log_dropped_read_and_clear
 .text.dropped_notify
                0x0000000008003620       0x30 zephyr/libzephyr.a(log_core.c.obj)
                0x0000000008003620                dropped_notify
 .text.z_log_msg_init
                0x0000000008003650       0x20 zephyr/libzephyr.a(log_core.c.obj)
                0x0000000008003650                z_log_msg_init
 .text.log_core_init
                0x0000000008003670       0x34 zephyr/libzephyr.a(log_core.c.obj)
                0x0000000008003670                log_core_init
 .text.z_log_msg_alloc
                0x00000000080036a4       0x10 zephyr/libzephyr.a(log_core.c.obj)
                0x00000000080036a4                z_log_msg_alloc
 .text.z_log_msg_local_claim
                0x00000000080036b4        0xc zephyr/libzephyr.a(log_core.c.obj)
                0x00000000080036b4                z_log_msg_local_claim
 .text.z_log_msg_free
                0x00000000080036c0       0x10 zephyr/libzephyr.a(log_core.c.obj)
                0x00000000080036c0                z_log_msg_free
 .text.z_log_msg_pending
                0x00000000080036d0        0xc zephyr/libzephyr.a(log_core.c.obj)
                0x00000000080036d0                z_log_msg_pending
 .text.z_impl_log_process
                0x00000000080036dc       0xb0 zephyr/libzephyr.a(log_core.c.obj)
                0x00000000080036dc                z_impl_log_process
 .text.z_impl_log_panic
                0x000000000800378c       0x44 zephyr/libzephyr.a(log_core.c.obj)
                0x000000000800378c                z_impl_log_panic
 .text.log_process_thread_func
                0x00000000080037d0       0x9c zephyr/libzephyr.a(log_core.c.obj)
 .text.z_log_msg_post_finalize
                0x000000000800386c       0x78 zephyr/libzephyr.a(log_core.c.obj)
 .text.z_log_msg_commit
                0x00000000080038e4       0x24 zephyr/libzephyr.a(log_core.c.obj)
                0x00000000080038e4                z_log_msg_commit
 .text.log_source_name_get
                0x0000000008003908       0x1c zephyr/libzephyr.a(log_mgmt.c.obj)
                0x0000000008003908                log_source_name_get
 .text.log_backend_enable
                0x0000000008003924       0x28 zephyr/libzephyr.a(log_mgmt.c.obj)
                0x0000000008003924                log_backend_enable
 .text.z_impl_z_log_msg_static_create
                0x000000000800394c      0x108 zephyr/libzephyr.a(log_msg.c.obj)
                0x000000000800394c                z_impl_z_log_msg_static_create
 .text.z_impl_z_log_msg_runtime_vcreate
                0x0000000008003a54       0x8c zephyr/libzephyr.a(log_msg.c.obj)
                0x0000000008003a54                z_impl_z_log_msg_runtime_vcreate
 .text.print_formatted
                0x0000000008003ae0       0x24 zephyr/libzephyr.a(log_output.c.obj)
 .text.newline_print
                0x0000000008003b04       0x1c zephyr/libzephyr.a(log_output.c.obj)
 .text.log_output_process
                0x0000000008003b20      0x2a8 zephyr/libzephyr.a(log_output.c.obj)
                0x0000000008003b20                log_output_process
 .text.log_output_msg_process
                0x0000000008003dc8       0x6c zephyr/libzephyr.a(log_output.c.obj)
                0x0000000008003dc8                log_output_msg_process
 .text.log_output_dropped_process
                0x0000000008003e34       0x58 zephyr/libzephyr.a(log_output.c.obj)
                0x0000000008003e34                log_output_dropped_process
 .text.log_output_timestamp_freq_set
                0x0000000008003e8c       0x2c zephyr/libzephyr.a(log_output.c.obj)
                0x0000000008003e8c                log_output_timestamp_freq_set
 .text.log_backend_rtt_init
                0x0000000008003eb8        0xc zephyr/libzephyr.a(log_backend_rtt.c.obj)
 .text.format_set
                0x0000000008003ec4        0xc zephyr/libzephyr.a(log_backend_rtt.c.obj)
 .text.panic    0x0000000008003ed0       0x14 zephyr/libzephyr.a(log_backend_rtt.c.obj)
 .text.dropped  0x0000000008003ee4        0xc zephyr/libzephyr.a(log_backend_rtt.c.obj)
 .text.process  0x0000000008003ef0       0x24 zephyr/libzephyr.a(log_backend_rtt.c.obj)
 .text.on_failed_write
                0x0000000008003f14       0x28 zephyr/libzephyr.a(log_backend_rtt.c.obj)
 .text.data_out_block_mode
                0x0000000008003f3c       0x84 zephyr/libzephyr.a(log_backend_rtt.c.obj)
 .text.format_set
                0x0000000008003fc0        0xc zephyr/libzephyr.a(log_backend_uart.c.obj)
 .text.panic    0x0000000008003fcc       0x14 zephyr/libzephyr.a(log_backend_uart.c.obj)
 .text.dropped  0x0000000008003fe0        0xc zephyr/libzephyr.a(log_backend_uart.c.obj)
 .text.process  0x0000000008003fec       0x24 zephyr/libzephyr.a(log_backend_uart.c.obj)
 .text.char_out
                0x0000000008004010       0x24 zephyr/libzephyr.a(log_backend_uart.c.obj)
 .text.z_arm_cpu_idle_init
                0x0000000008004034        0xc zephyr/arch/arch/arm/core/aarch32/libarch__arm__core__aarch32.a(cpu_idle.S.obj)
                0x0000000008004034                z_arm_cpu_idle_init
 .text.arch_cpu_idle
                0x0000000008004040       0x1c zephyr/arch/arch/arm/core/aarch32/libarch__arm__core__aarch32.a(cpu_idle.S.obj)
                0x0000000008004040                arch_cpu_idle
 .text.z_arm_fatal_error
                0x000000000800405c       0xc8 zephyr/arch/arch/arm/core/aarch32/libarch__arm__core__aarch32.a(fatal.c.obj)
                0x000000000800405c                z_arm_fatal_error
 .text.arch_irq_enable
                0x0000000008004124       0x1c zephyr/arch/arch/arm/core/aarch32/libarch__arm__core__aarch32.a(irq_manage.c.obj)
                0x0000000008004124                arch_irq_enable
 .text.z_arm_irq_priority_set
                0x0000000008004140       0x2c zephyr/arch/arch/arm/core/aarch32/libarch__arm__core__aarch32.a(irq_manage.c.obj)
                0x0000000008004140                z_arm_irq_priority_set
 .text.z_SysNmiOnReset
                0x000000000800416c        0x8 zephyr/arch/arch/arm/core/aarch32/libarch__arm__core__aarch32.a(nmi_on_reset.S.obj)
                0x000000000800416c                z_SysNmiOnReset
 .text.z_arm_prep_c
                0x0000000008004174       0x30 zephyr/arch/arch/arm/core/aarch32/libarch__arm__core__aarch32.a(prep_c.c.obj)
                0x0000000008004174                z_arm_prep_c
 .text.arch_swap
                0x00000000080041a4       0x34 zephyr/arch/arch/arm/core/aarch32/libarch__arm__core__aarch32.a(swap.c.obj)
                0x00000000080041a4                arch_swap
 .text.z_arm_pendsv
                0x00000000080041d8       0x48 zephyr/arch/arch/arm/core/aarch32/libarch__arm__core__aarch32.a(swap_helper.S.obj)
                0x00000000080041d8                z_arm_pendsv
 .text.z_arm_svc
                0x0000000008004220       0x20 zephyr/arch/arch/arm/core/aarch32/libarch__arm__core__aarch32.a(swap_helper.S.obj)
                0x0000000008004220                z_arm_svc
 .text.arch_new_thread
                0x0000000008004240       0x38 zephyr/arch/arch/arm/core/aarch32/libarch__arm__core__aarch32.a(thread.c.obj)
                0x0000000008004240                arch_new_thread
 .text.arch_switch_to_main_thread
                0x0000000008004278       0x24 zephyr/arch/arch/arm/core/aarch32/libarch__arm__core__aarch32.a(thread.c.obj)
                0x0000000008004278                arch_switch_to_main_thread
 .text._isr_wrapper
                0x000000000800429c       0x28 zephyr/arch/arch/arm/core/aarch32/libarch__arm__core__aarch32.a(isr_wrapper.S.obj)
                0x000000000800429c                _isr_wrapper
 .text._HandlerModeExit
                0x00000000080042c4       0x1c zephyr/arch/arch/arm/core/aarch32/cortex_m/libarch__arm__core__aarch32__cortex_m.a(exc_exit.S.obj)
                0x00000000080042c4                z_arm_int_exit
                0x00000000080042c4                z_arm_exc_exit
 .text.mem_manage_fault.constprop.0
                0x00000000080042e0      0x114 zephyr/arch/arch/arm/core/aarch32/cortex_m/libarch__arm__core__aarch32__cortex_m.a(fault.c.obj)
 .text.bus_fault.constprop.0
                0x00000000080043f4      0x130 zephyr/arch/arch/arm/core/aarch32/cortex_m/libarch__arm__core__aarch32__cortex_m.a(fault.c.obj)
 .text.usage_fault.constprop.0
                0x0000000008004524      0x104 zephyr/arch/arch/arm/core/aarch32/cortex_m/libarch__arm__core__aarch32__cortex_m.a(fault.c.obj)
 .text.z_arm_fault
                0x0000000008004628      0x224 zephyr/arch/arch/arm/core/aarch32/cortex_m/libarch__arm__core__aarch32__cortex_m.a(fault.c.obj)
                0x0000000008004628                z_arm_fault
 .text.z_arm_fault_init
                0x000000000800484c       0x10 zephyr/arch/arch/arm/core/aarch32/cortex_m/libarch__arm__core__aarch32__cortex_m.a(fault.c.obj)
                0x000000000800484c                z_arm_fault_init
 .text.__fault  0x000000000800485c       0x14 zephyr/arch/arch/arm/core/aarch32/cortex_m/libarch__arm__core__aarch32__cortex_m.a(fault_s.S.obj)
                0x000000000800485c                z_arm_usage_fault
                0x000000000800485c                z_arm_mpu_fault
                0x000000000800485c                z_arm_exc_spurious
                0x000000000800485c                z_arm_debug_monitor
                0x000000000800485c                z_arm_hard_fault
                0x000000000800485c                z_arm_bus_fault
 .text.z_arm_interrupt_init
                0x0000000008004870       0x18 zephyr/arch/arch/arm/core/aarch32/cortex_m/libarch__arm__core__aarch32__cortex_m.a(irq_init.c.obj)
                0x0000000008004870                z_arm_interrupt_init
 .text._reset_section
                0x0000000008004888       0x2c zephyr/arch/arch/arm/core/aarch32/cortex_m/libarch__arm__core__aarch32__cortex_m.a(reset.S.obj)
                0x0000000008004888                __start
                0x0000000008004888                z_arm_reset
 .text.z_impl_k_thread_abort
                0x00000000080048b4       0x2c zephyr/arch/arch/arm/core/aarch32/cortex_m/libarch__arm__core__aarch32__cortex_m.a(thread_abort.c.obj)
                0x00000000080048b4                z_impl_k_thread_abort
 .text.__stdout_hook_install
                0x00000000080048e0        0xc zephyr/lib/libc/newlib/liblib__libc__newlib.a(libc-hooks.c.obj)
                0x00000000080048e0                __stdout_hook_install
 .text.z_impl_zephyr_read_stdin
                0x00000000080048ec       0x28 zephyr/lib/libc/newlib/liblib__libc__newlib.a(libc-hooks.c.obj)
                0x00000000080048ec                z_impl_zephyr_read_stdin
 .text.z_impl_zephyr_write_stdout
                0x0000000008004914       0x30 zephyr/lib/libc/newlib/liblib__libc__newlib.a(libc-hooks.c.obj)
                0x0000000008004914                z_impl_zephyr_write_stdout
 .text._sbrk    0x0000000008004944       0x28 zephyr/lib/libc/newlib/liblib__libc__newlib.a(libc-hooks.c.obj)
                0x0000000008004944                sbrk
                0x0000000008004944                _sbrk
 .text.abort    0x000000000800496c       0x18 zephyr/lib/libc/common/liblib__libc__common.a(abort.c.obj)
                0x000000000800496c                abort
 .text.stm32_exti_isr
                0x0000000008004984       0x4c zephyr/drivers/interrupt_controller/libdrivers__interrupt_controller.a(intc_exti_stm32.c.obj)
 .text.stm32_fill_irq_table
                0x00000000080049d0       0x18 zephyr/drivers/interrupt_controller/libdrivers__interrupt_controller.a(intc_exti_stm32.c.obj)
 .text.stm32_exti_enable
                0x00000000080049e8       0x24 zephyr/drivers/interrupt_controller/libdrivers__interrupt_controller.a(intc_exti_stm32.c.obj)
                0x00000000080049e8                stm32_exti_enable
 .text.stm32_exti_disable
                0x0000000008004a0c       0x18 zephyr/drivers/interrupt_controller/libdrivers__interrupt_controller.a(intc_exti_stm32.c.obj)
                0x0000000008004a0c                stm32_exti_disable
 .text.stm32_exti_trigger
                0x0000000008004a24       0x60 zephyr/drivers/interrupt_controller/libdrivers__interrupt_controller.a(intc_exti_stm32.c.obj)
                0x0000000008004a24                stm32_exti_trigger
 .text.stm32_exti_set_callback
                0x0000000008004a84       0x30 zephyr/drivers/interrupt_controller/libdrivers__interrupt_controller.a(intc_exti_stm32.c.obj)
                0x0000000008004a84                stm32_exti_set_callback
 .text.stm32_exti_unset_callback
                0x0000000008004ab4       0x14 zephyr/drivers/interrupt_controller/libdrivers__interrupt_controller.a(intc_exti_stm32.c.obj)
                0x0000000008004ab4                stm32_exti_unset_callback
 .text.stm32_clock_control_get_subsys_rate
                0x0000000008004ac8       0x44 zephyr/drivers/clock_control/libdrivers__clock_control.a(clock_stm32_ll_common.c.obj)
 .text.stm32_clock_control_init
                0x0000000008004b0c       0xe8 zephyr/drivers/clock_control/libdrivers__clock_control.a(clock_stm32_ll_common.c.obj)
                0x0000000008004b0c                stm32_clock_control_init
 .text.config_pll_sysclock
                0x0000000008004bf4       0x1c zephyr/drivers/clock_control/libdrivers__clock_control.a(clock_stm32f1.c.obj)
                0x0000000008004bf4                config_pll_sysclock
 .text.rtt_console_init
                0x0000000008004c10       0x18 zephyr/drivers/console/libdrivers__console.a(rtt_console.c.obj)
 .text.rtt_console_out
                0x0000000008004c28       0x54 zephyr/drivers/console/libdrivers__console.a(rtt_console.c.obj)
 .text.uart_console_init
                0x0000000008004c7c       0x28 zephyr/drivers/console/libdrivers__console.a(uart_console.c.obj)
 .text.console_out
                0x0000000008004ca4       0x28 zephyr/drivers/console/libdrivers__console.a(uart_console.c.obj)
 .text.gpio_stm32_init
                0x0000000008004ccc       0x30 zephyr/drivers/gpio/libdrivers__gpio.a(gpio_stm32.c.obj)
 .text.gpio_stm32_pin_interrupt_configure
                0x0000000008004cfc       0xe0 zephyr/drivers/gpio/libdrivers__gpio.a(gpio_stm32.c.obj)
 .text.pinctrl_configure_pins
                0x0000000008004ddc       0xf4 zephyr/drivers/pinctrl/libdrivers__pinctrl.a(pinctrl_stm32.c.obj)
                0x0000000008004ddc                pinctrl_configure_pins
 .text.dht_channel_get
                0x0000000008004ed0       0x5c zephyr/drivers/sensor/dht/libdrivers__sensor__dht.a(dht.c.obj)
 .text.dht_init.part.0
                0x0000000008004f2c       0x2c zephyr/drivers/sensor/dht/libdrivers__sensor__dht.a(dht.c.obj)
 .text.uart_stm32_irq_err_enable
                0x0000000008004f58       0x4c zephyr/drivers/serial/libdrivers__serial.a(uart_stm32.c.obj)
 .text.uart_stm32_irq_err_disable
                0x0000000008004fa4       0x4c zephyr/drivers/serial/libdrivers__serial.a(uart_stm32.c.obj)
 .text.uart_stm32_set_baudrate.part.0
                0x0000000008004ff0       0x28 zephyr/drivers/serial/libdrivers__serial.a(uart_stm32.c.obj)
 .text.uart_stm32_configure
                0x0000000008005018      0x15c zephyr/drivers/serial/libdrivers__serial.a(uart_stm32.c.obj)
 .text.uart_stm32_init
                0x0000000008005174      0x160 zephyr/drivers/serial/libdrivers__serial.a(uart_stm32.c.obj)
 .text.elapsed  0x00000000080052d4       0x3c zephyr/drivers/timer/libdrivers__timer.a(cortex_m_systick.c.obj)
 .text.sys_clock_driver_init
                0x0000000008005310       0x34 zephyr/drivers/timer/libdrivers__timer.a(cortex_m_systick.c.obj)
 .text.sys_clock_isr
                0x0000000008005344       0x54 zephyr/drivers/timer/libdrivers__timer.a(cortex_m_systick.c.obj)
                0x0000000008005344                sys_clock_isr
 .text.sys_clock_set_timeout
                0x0000000008005398       0xf4 zephyr/drivers/timer/libdrivers__timer.a(cortex_m_systick.c.obj)
                0x0000000008005398                sys_clock_set_timeout
 .text.sys_clock_elapsed
                0x000000000800548c       0x3c zephyr/drivers/timer/libdrivers__timer.a(cortex_m_systick.c.obj)
                0x000000000800548c                sys_clock_elapsed
 .text.sys_clock_cycle_get_32
                0x00000000080054c8       0x2c zephyr/drivers/timer/libdrivers__timer.a(cortex_m_systick.c.obj)
                0x00000000080054c8                sys_clock_cycle_get_32
 .text.HAL_RCC_GetSysClockFreq
                0x00000000080054f4       0x74 modules/stm32/stm32cube/lib..__modules__hal__stm32__stm32cube.a(stm32f1xx_hal_rcc.c.obj)
                0x00000000080054f4                HAL_RCC_GetSysClockFreq
 .text.LL_SetFlashLatency
                0x0000000008005568       0x4c modules/stm32/stm32cube/lib..__modules__hal__stm32__stm32cube.a(stm32f1xx_ll_utils.c.obj)
                0x0000000008005568                LL_SetFlashLatency
 .text._DoInit  0x00000000080055b4       0x60 modules/segger/libmodules__segger.a(SEGGER_RTT.c.obj)
 .text.SEGGER_RTT_WriteSkipNoLock
                0x0000000008005614       0x88 modules/segger/libmodules__segger.a(SEGGER_RTT.c.obj)
                0x0000000008005614                SEGGER_RTT_WriteSkipNoLock
 .text.SEGGER_RTT_WriteNoLock
                0x000000000800569c       0x58 modules/segger/libmodules__segger.a(SEGGER_RTT.c.obj)
                0x000000000800569c                SEGGER_RTT_WriteNoLock
 .text.SEGGER_RTT_HasDataUp
                0x00000000080056f4       0x14 modules/segger/libmodules__segger.a(SEGGER_RTT.c.obj)
                0x00000000080056f4                SEGGER_RTT_HasDataUp
 .text.zephyr_rtt_mutex_lock
                0x0000000008005708       0x14 modules/segger/libmodules__segger.a(SEGGER_RTT_zephyr.c.obj)
                0x0000000008005708                zephyr_rtt_mutex_lock
 .text.zephyr_rtt_mutex_unlock
                0x000000000800571c        0xc modules/segger/libmodules__segger.a(SEGGER_RTT_zephyr.c.obj)
                0x000000000800571c                zephyr_rtt_mutex_unlock
 .text.dht_channel_get
                0x0000000008005728       0x5c modules/drivers/dht_driver/lib..__..__dht22__drivers__dht_driver.a(dht_driver.c.obj)
 .text.dht_init.part.0
                0x0000000008005784       0x2c modules/drivers/dht_driver/lib..__..__dht22__drivers__dht_driver.a(dht_driver.c.obj)
 .text.z_impl_k_busy_wait
                0x00000000080057b0       0x30 zephyr/kernel/libkernel.a(busy_wait.c.obj)
                0x00000000080057b0                z_impl_k_busy_wait
 .text.k_sys_fatal_error_handler
                0x00000000080057e0       0x30 zephyr/kernel/libkernel.a(fatal.c.obj)
                0x00000000080057e0                k_sys_fatal_error_handler
 .text.z_fatal_error
                0x0000000008005810       0xfc zephyr/kernel/libkernel.a(fatal.c.obj)
                0x0000000008005810                z_fatal_error
 .text.z_sys_init_run_level
                0x000000000800590c       0x48 zephyr/kernel/libkernel.a(init.c.obj)
 .text.bg_thread_main
                0x0000000008005954       0x34 zephyr/kernel/libkernel.a(init.c.obj)
 .text.z_bss_zero
                0x0000000008005988       0x18 zephyr/kernel/libkernel.a(init.c.obj)
                0x0000000008005988                z_bss_zero
 .text.z_init_cpu
                0x00000000080059a0       0x84 zephyr/kernel/libkernel.a(init.c.obj)
                0x00000000080059a0                z_init_cpu
 .text.z_cstart
                0x0000000008005a24       0xd0 zephyr/kernel/libkernel.a(init.c.obj)
                0x0000000008005a24                z_cstart
 .text.z_setup_new_thread
                0x0000000008005af4       0x54 zephyr/kernel/libkernel.a(thread.c.obj)
                0x0000000008005af4                z_setup_new_thread
 .text.z_impl_k_thread_create
                0x0000000008005b48       0x58 zephyr/kernel/libkernel.a(thread.c.obj)
                0x0000000008005b48                z_impl_k_thread_create
 .text.z_init_static_threads
                0x0000000008005ba0       0x98 zephyr/kernel/libkernel.a(thread.c.obj)
                0x0000000008005ba0                z_init_static_threads
 .text.z_impl_k_mutex_lock
                0x0000000008005c38       0xf4 zephyr/kernel/libkernel.a(mutex.c.obj)
                0x0000000008005c38                z_impl_k_mutex_lock
 .text.z_impl_k_mutex_unlock
                0x0000000008005d2c       0x78 zephyr/kernel/libkernel.a(mutex.c.obj)
                0x0000000008005d2c                z_impl_k_mutex_unlock
 .text.z_impl_k_sem_give
                0x0000000008005da4       0x48 zephyr/kernel/libkernel.a(sem.c.obj)
                0x0000000008005da4                z_impl_k_sem_give
 .text.z_impl_k_sem_take
                0x0000000008005dec       0x50 zephyr/kernel/libkernel.a(sem.c.obj)
                0x0000000008005dec                z_impl_k_sem_take
 .text.sliceable
                0x0000000008005e3c       0x3c zephyr/kernel/libkernel.a(sched.c.obj)
 .text.slice_timeout
                0x0000000008005e78       0x20 zephyr/kernel/libkernel.a(sched.c.obj)
 .text.z_reset_time_slice
                0x0000000008005e98       0x50 zephyr/kernel/libkernel.a(sched.c.obj)
                0x0000000008005e98                z_reset_time_slice
 .text.update_cache
                0x0000000008005ee8       0x3c zephyr/kernel/libkernel.a(sched.c.obj)
 .text.move_thread_to_end_of_prio_q
                0x0000000008005f24       0x74 zephyr/kernel/libkernel.a(sched.c.obj)
 .text.ready_thread
                0x0000000008005f98       0x68 zephyr/kernel/libkernel.a(sched.c.obj)
 .text.unready_thread
                0x0000000008006000       0x30 zephyr/kernel/libkernel.a(sched.c.obj)
 .text.pend_locked
                0x0000000008006030       0x30 zephyr/kernel/libkernel.a(sched.c.obj)
 .text.z_time_slice
                0x0000000008006060       0x60 zephyr/kernel/libkernel.a(sched.c.obj)
                0x0000000008006060                z_time_slice
 .text.z_pend_curr
                0x00000000080060c0       0x3c zephyr/kernel/libkernel.a(sched.c.obj)
                0x00000000080060c0                z_pend_curr
 .text.z_set_prio
                0x00000000080060fc       0x8c zephyr/kernel/libkernel.a(sched.c.obj)
                0x00000000080060fc                z_set_prio
 .text.z_reschedule
                0x0000000008006188       0x24 zephyr/kernel/libkernel.a(sched.c.obj)
                0x0000000008006188                z_reschedule
 .text.z_sched_start
                0x00000000080061ac       0x3c zephyr/kernel/libkernel.a(sched.c.obj)
                0x00000000080061ac                z_sched_start
 .text.z_impl_k_thread_suspend
                0x00000000080061e8       0x64 zephyr/kernel/libkernel.a(sched.c.obj)
                0x00000000080061e8                z_impl_k_thread_suspend
 .text.k_sched_lock
                0x000000000800624c       0x28 zephyr/kernel/libkernel.a(sched.c.obj)
                0x000000000800624c                k_sched_lock
 .text.k_sched_unlock
                0x0000000008006274       0x38 zephyr/kernel/libkernel.a(sched.c.obj)
                0x0000000008006274                k_sched_unlock
 .text.z_sched_init
                0x00000000080062ac       0x10 zephyr/kernel/libkernel.a(sched.c.obj)
                0x00000000080062ac                z_sched_init
 .text.z_impl_k_yield
                0x00000000080062bc       0x7c zephyr/kernel/libkernel.a(sched.c.obj)
                0x00000000080062bc                z_impl_k_yield
 .text.z_tick_sleep
                0x0000000008006338       0x88 zephyr/kernel/libkernel.a(sched.c.obj)
 .text.z_impl_k_sleep
                0x00000000080063c0       0x30 zephyr/kernel/libkernel.a(sched.c.obj)
                0x00000000080063c0                z_impl_k_sleep
 .text.z_impl_z_current_get
                0x00000000080063f0        0xc zephyr/kernel/libkernel.a(sched.c.obj)
                0x00000000080063f0                z_impl_z_current_get
 .text.z_thread_abort
                0x00000000080063fc       0xc0 zephyr/kernel/libkernel.a(sched.c.obj)
                0x00000000080063fc                z_thread_abort
 .text.z_data_copy
                0x00000000080064bc       0x34 zephyr/kernel/libkernel.a(xip.c.obj)
                0x00000000080064bc                z_data_copy
 .text.elapsed  0x00000000080064f0       0x14 zephyr/kernel/libkernel.a(timeout.c.obj)
 .text.next_timeout
                0x0000000008006504       0x40 zephyr/kernel/libkernel.a(timeout.c.obj)
 .text.remove_timeout
                0x0000000008006544       0x38 zephyr/kernel/libkernel.a(timeout.c.obj)
 .text.z_add_timeout
                0x000000000800657c       0xec zephyr/kernel/libkernel.a(timeout.c.obj)
                0x000000000800657c                z_add_timeout
 .text.sys_clock_announce
                0x0000000008006668       0xd4 zephyr/kernel/libkernel.a(timeout.c.obj)
                0x0000000008006668                sys_clock_announce
 .text.sys_clock_tick_get
                0x000000000800673c       0x34 zephyr/kernel/libkernel.a(timeout.c.obj)
                0x000000000800673c                sys_clock_tick_get
 .text.z_timer_expiration_handler
                0x0000000008006770       0xe4 zephyr/kernel/libkernel.a(timer.c.obj)
                0x0000000008006770                z_timer_expiration_handler
 .text.z_impl_k_timer_start
                0x0000000008006854       0x60 zephyr/kernel/libkernel.a(timer.c.obj)
                0x0000000008006854                z_impl_k_timer_start
 .text.boot_banner
                0x00000000080068b4        0xc zephyr/kernel/libkernel.a(banner.c.obj)
                0x00000000080068b4                boot_banner
 .text.malloc   0x00000000080068c0       0x10 D:/Desktop/source/zephyr-sdk-0.16.1/arm-zephyr-eabi/arm-zephyr-eabi/lib/thumb/v7-m/nofp\libc.a(lib_a-malloc.o)
                0x00000000080068c0                malloc
 .text.free     0x00000000080068d0       0x10 D:/Desktop/source/zephyr-sdk-0.16.1/arm-zephyr-eabi/arm-zephyr-eabi/lib/thumb/v7-m/nofp\libc.a(lib_a-malloc.o)
                0x00000000080068d0                free
 .text._malloc_r
                0x00000000080068e0      0x578 D:/Desktop/source/zephyr-sdk-0.16.1/arm-zephyr-eabi/arm-zephyr-eabi/lib/thumb/v7-m/nofp\libc.a(lib_a-mallocr.o)
                0x00000000080068e0                _malloc_r
 .text.memset   0x0000000008006e58       0xa0 D:/Desktop/source/zephyr-sdk-0.16.1/arm-zephyr-eabi/arm-zephyr-eabi/lib/thumb/v7-m/nofp\libc.a(lib_a-memset.o)
                0x0000000008006e58                memset
 .text.__malloc_lock
                0x0000000008006ef8        0xc D:/Desktop/source/zephyr-sdk-0.16.1/arm-zephyr-eabi/arm-zephyr-eabi/lib/thumb/v7-m/nofp\libc.a(lib_a-mlock.o)
                0x0000000008006ef8                __malloc_lock
 .text.__malloc_unlock
                0x0000000008006f04        0xc D:/Desktop/source/zephyr-sdk-0.16.1/arm-zephyr-eabi/arm-zephyr-eabi/lib/thumb/v7-m/nofp\libc.a(lib_a-mlock.o)
                0x0000000008006f04                __malloc_unlock
 .text.printf   0x0000000008006f10       0x28 D:/Desktop/source/zephyr-sdk-0.16.1/arm-zephyr-eabi/arm-zephyr-eabi/lib/thumb/v7-m/nofp\libc.a(lib_a-printf.o)
                0x0000000008006f10                printf
 .text._sbrk_r  0x0000000008006f38       0x24 D:/Desktop/source/zephyr-sdk-0.16.1/arm-zephyr-eabi/arm-zephyr-eabi/lib/thumb/v7-m/nofp\libc.a(lib_a-sbrkr.o)
                0x0000000008006f38                _sbrk_r
 .text.snprintf
                0x0000000008006f5c       0x84 D:/Desktop/source/zephyr-sdk-0.16.1/arm-zephyr-eabi/arm-zephyr-eabi/lib/thumb/v7-m/nofp\libc.a(lib_a-snprintf.o)
                0x0000000008006f5c                snprintf
 .text.strlen   0x0000000008006fe0       0x5c D:/Desktop/source/zephyr-sdk-0.16.1/arm-zephyr-eabi/arm-zephyr-eabi/lib/thumb/v7-m/nofp\libc.a(lib_a-strlen-stub.o)
                0x0000000008006fe0                strlen
 .text.strnlen  0x000000000800703c       0x24 D:/Desktop/source/zephyr-sdk-0.16.1/arm-zephyr-eabi/arm-zephyr-eabi/lib/thumb/v7-m/nofp\libc.a(lib_a-strnlen.o)
                0x000000000800703c                strnlen
 .text._svfprintf_r
                0x0000000008007060     0x1a58 D:/Desktop/source/zephyr-sdk-0.16.1/arm-zephyr-eabi/arm-zephyr-eabi/lib/thumb/v7-m/nofp\libc.a(lib_a-svfprintf.o)
                0x0000000008007060                _svfprintf_r
 .text._vfprintf_r
                0x0000000008008ab8     0x1aec D:/Desktop/source/zephyr-sdk-0.16.1/arm-zephyr-eabi/arm-zephyr-eabi/lib/thumb/v7-m/nofp\libc.a(lib_a-vfprintf.o)
                0x0000000008008ab8                _vfprintf_r
 .text.__sbprintf
                0x000000000800a5a4       0x80 D:/Desktop/source/zephyr-sdk-0.16.1/arm-zephyr-eabi/arm-zephyr-eabi/lib/thumb/v7-m/nofp\libc.a(lib_a-vfprintf.o)
 .text.__swsetup_r
                0x000000000800a624       0xc4 D:/Desktop/source/zephyr-sdk-0.16.1/arm-zephyr-eabi/arm-zephyr-eabi/lib/thumb/v7-m/nofp\libc.a(lib_a-wsetup.o)
                0x000000000800a624                __swsetup_r
 .text.quorem   0x000000000800a6e8      0x13c D:/Desktop/source/zephyr-sdk-0.16.1/arm-zephyr-eabi/arm-zephyr-eabi/lib/thumb/v7-m/nofp\libc.a(lib_a-dtoa.o)
 .text.__sflush_r
                0x000000000800a824      0x110 D:/Desktop/source/zephyr-sdk-0.16.1/arm-zephyr-eabi/arm-zephyr-eabi/lib/thumb/v7-m/nofp\libc.a(lib_a-fflush.o)
                0x000000000800a824                __sflush_r
 .text._fflush_r
                0x000000000800a934       0x5c D:/Desktop/source/zephyr-sdk-0.16.1/arm-zephyr-eabi/arm-zephyr-eabi/lib/thumb/v7-m/nofp\libc.a(lib_a-fflush.o)
                0x000000000800a934                _fflush_r
 .text._cleanup_r
                0x000000000800a990        0xc D:/Desktop/source/zephyr-sdk-0.16.1/arm-zephyr-eabi/arm-zephyr-eabi/lib/thumb/v7-m/nofp\libc.a(lib_a-findfp.o)
                0x000000000800a990                _cleanup_r
 .text.__sinit  0x000000000800a99c      0x10c D:/Desktop/source/zephyr-sdk-0.16.1/arm-zephyr-eabi/arm-zephyr-eabi/lib/thumb/v7-m/nofp\libc.a(lib_a-findfp.o)
                0x000000000800a99c                __sinit
 .text._malloc_trim_r
                0x000000000800aaa8       0x9c D:/Desktop/source/zephyr-sdk-0.16.1/arm-zephyr-eabi/arm-zephyr-eabi/lib/thumb/v7-m/nofp\libc.a(lib_a-freer.o)
                0x000000000800aaa8                _malloc_trim_r
 .text._free_r  0x000000000800ab44      0x1fc D:/Desktop/source/zephyr-sdk-0.16.1/arm-zephyr-eabi/arm-zephyr-eabi/lib/thumb/v7-m/nofp\libc.a(lib_a-freer.o)
                0x000000000800ab44                _free_r
 .text._fwalk_reent
                0x000000000800ad40       0x48 D:/Desktop/source/zephyr-sdk-0.16.1/arm-zephyr-eabi/arm-zephyr-eabi/lib/thumb/v7-m/nofp\libc.a(lib_a-fwalk.o)
                0x000000000800ad40                _fwalk_reent
 .text._localeconv_r
                0x000000000800ad88        0x8 D:/Desktop/source/zephyr-sdk-0.16.1/arm-zephyr-eabi/arm-zephyr-eabi/lib/thumb/v7-m/nofp\libc.a(lib_a-localeconv.o)
                0x000000000800ad88                _localeconv_r
 .text.__smakebuf_r
                0x000000000800ad90       0xc4 D:/Desktop/source/zephyr-sdk-0.16.1/arm-zephyr-eabi/arm-zephyr-eabi/lib/thumb/v7-m/nofp\libc.a(lib_a-makebuf.o)
                0x000000000800ad90                __smakebuf_r
 .text.memchr   0x000000000800ae54       0x98 D:/Desktop/source/zephyr-sdk-0.16.1/arm-zephyr-eabi/arm-zephyr-eabi/lib/thumb/v7-m/nofp\libc.a(lib_a-memchr-stub.o)
                0x000000000800ae54                memchr
 .text._Balloc  0x000000000800aeec       0x4c D:/Desktop/source/zephyr-sdk-0.16.1/arm-zephyr-eabi/arm-zephyr-eabi/lib/thumb/v7-m/nofp\libc.a(lib_a-mprec.o)
                0x000000000800aeec                _Balloc
 .text._Bfree   0x000000000800af38       0x14 D:/Desktop/source/zephyr-sdk-0.16.1/arm-zephyr-eabi/arm-zephyr-eabi/lib/thumb/v7-m/nofp\libc.a(lib_a-mprec.o)
                0x000000000800af38                _Bfree
 .text.__multadd
                0x000000000800af4c       0xa4 D:/Desktop/source/zephyr-sdk-0.16.1/arm-zephyr-eabi/arm-zephyr-eabi/lib/thumb/v7-m/nofp\libc.a(lib_a-mprec.o)
                0x000000000800af4c                __multadd
 .text.__hi0bits
                0x000000000800aff0       0x44 D:/Desktop/source/zephyr-sdk-0.16.1/arm-zephyr-eabi/arm-zephyr-eabi/lib/thumb/v7-m/nofp\libc.a(lib_a-mprec.o)
                0x000000000800aff0                __hi0bits
 .text.__lo0bits
                0x000000000800b034       0x5c D:/Desktop/source/zephyr-sdk-0.16.1/arm-zephyr-eabi/arm-zephyr-eabi/lib/thumb/v7-m/nofp\libc.a(lib_a-mprec.o)
                0x000000000800b034                __lo0bits
 .text.__i2b    0x000000000800b090       0x5c D:/Desktop/source/zephyr-sdk-0.16.1/arm-zephyr-eabi/arm-zephyr-eabi/lib/thumb/v7-m/nofp\libc.a(lib_a-mprec.o)
                0x000000000800b090                __i2b
 .text.__multiply
                0x000000000800b0ec      0x164 D:/Desktop/source/zephyr-sdk-0.16.1/arm-zephyr-eabi/arm-zephyr-eabi/lib/thumb/v7-m/nofp\libc.a(lib_a-mprec.o)
                0x000000000800b0ec                __multiply
 .text.__pow5mult
                0x000000000800b250       0xb4 D:/Desktop/source/zephyr-sdk-0.16.1/arm-zephyr-eabi/arm-zephyr-eabi/lib/thumb/v7-m/nofp\libc.a(lib_a-mprec.o)
                0x000000000800b250                __pow5mult
 .text.__lshift
                0x000000000800b304       0xec D:/Desktop/source/zephyr-sdk-0.16.1/arm-zephyr-eabi/arm-zephyr-eabi/lib/thumb/v7-m/nofp\libc.a(lib_a-mprec.o)
                0x000000000800b304                __lshift
 .text.__mcmp   0x000000000800b3f0       0x40 D:/Desktop/source/zephyr-sdk-0.16.1/arm-zephyr-eabi/arm-zephyr-eabi/lib/thumb/v7-m/nofp\libc.a(lib_a-mprec.o)
                0x000000000800b3f0                __mcmp
 .text.__mdiff  0x000000000800b430      0x160 D:/Desktop/source/zephyr-sdk-0.16.1/arm-zephyr-eabi/arm-zephyr-eabi/lib/thumb/v7-m/nofp\libc.a(lib_a-mprec.o)
                0x000000000800b430                __mdiff
 .text.__d2b    0x000000000800b590       0xbc D:/Desktop/source/zephyr-sdk-0.16.1/arm-zephyr-eabi/arm-zephyr-eabi/lib/thumb/v7-m/nofp\libc.a(lib_a-mprec.o)
                0x000000000800b590                __d2b
 .text.frexp    0x000000000800b64c       0x70 D:/Desktop/source/zephyr-sdk-0.16.1/arm-zephyr-eabi/arm-zephyr-eabi/lib/thumb/v7-m/nofp\libc.a(lib_a-s_frexp.o)
                0x000000000800b64c                frexp
 .text.__sread  0x000000000800b6bc       0x24 D:/Desktop/source/zephyr-sdk-0.16.1/arm-zephyr-eabi/arm-zephyr-eabi/lib/thumb/v7-m/nofp\libc.a(lib_a-stdio.o)
                0x000000000800b6bc                __sread
 .text.__swrite
                0x000000000800b6e0       0x40 D:/Desktop/source/zephyr-sdk-0.16.1/arm-zephyr-eabi/arm-zephyr-eabi/lib/thumb/v7-m/nofp\libc.a(lib_a-stdio.o)
                0x000000000800b6e0                __swrite
 .text.__sseek  0x000000000800b720       0x24 D:/Desktop/source/zephyr-sdk-0.16.1/arm-zephyr-eabi/arm-zephyr-eabi/lib/thumb/v7-m/nofp\libc.a(lib_a-stdio.o)
                0x000000000800b720                __sseek
 .text.__sclose
                0x000000000800b744        0x8 D:/Desktop/source/zephyr-sdk-0.16.1/arm-zephyr-eabi/arm-zephyr-eabi/lib/thumb/v7-m/nofp\libc.a(lib_a-stdio.o)
                0x000000000800b744                __sclose
 .text.strncpy  0x000000000800b74c       0x6c D:/Desktop/source/zephyr-sdk-0.16.1/arm-zephyr-eabi/arm-zephyr-eabi/lib/thumb/v7-m/nofp\libc.a(lib_a-strncpy.o)
                0x000000000800b74c                strncpy
 .text.__ssprint_r
                0x000000000800b7b8      0x110 D:/Desktop/source/zephyr-sdk-0.16.1/arm-zephyr-eabi/arm-zephyr-eabi/lib/thumb/v7-m/nofp\libc.a(lib_a-svfiprintf.o)
                0x000000000800b7b8                __ssprint_r
 .text.__sprint_r
                0x000000000800b8c8       0x20 D:/Desktop/source/zephyr-sdk-0.16.1/arm-zephyr-eabi/arm-zephyr-eabi/lib/thumb/v7-m/nofp\libc.a(lib_a-vfiprintf.o)
                0x000000000800b8c8                __sprint_r
 .text._vfiprintf_r
                0x000000000800b8e8      0xd90 D:/Desktop/source/zephyr-sdk-0.16.1/arm-zephyr-eabi/arm-zephyr-eabi/lib/thumb/v7-m/nofp\libc.a(lib_a-vfiprintf.o)
                0x000000000800b8e8                _vfiprintf_r
 .text.__sbprintf
                0x000000000800c678       0x80 D:/Desktop/source/zephyr-sdk-0.16.1/arm-zephyr-eabi/arm-zephyr-eabi/lib/thumb/v7-m/nofp\libc.a(lib_a-vfiprintf.o)
 .text._write_r
                0x000000000800c6f8       0x2c D:/Desktop/source/zephyr-sdk-0.16.1/arm-zephyr-eabi/arm-zephyr-eabi/lib/thumb/v7-m/nofp\libc.a(lib_a-writer.o)
                0x000000000800c6f8                _write_r
 .text.__assert_func
                0x000000000800c724       0x40 D:/Desktop/source/zephyr-sdk-0.16.1/arm-zephyr-eabi/arm-zephyr-eabi/lib/thumb/v7-m/nofp\libc.a(lib_a-assert.o)
                0x000000000800c724                __assert_func
 .text._calloc_r
                0x000000000800c764       0x60 D:/Desktop/source/zephyr-sdk-0.16.1/arm-zephyr-eabi/arm-zephyr-eabi/lib/thumb/v7-m/nofp\libc.a(lib_a-callocr.o)
                0x000000000800c764                _calloc_r
 .text._close_r
                0x000000000800c7c4       0x24 D:/Desktop/source/zephyr-sdk-0.16.1/arm-zephyr-eabi/arm-zephyr-eabi/lib/thumb/v7-m/nofp\libc.a(lib_a-closer.o)
                0x000000000800c7c4                _close_r
 .text.fiprintf
                0x000000000800c7e8       0x28 D:/Desktop/source/zephyr-sdk-0.16.1/arm-zephyr-eabi/arm-zephyr-eabi/lib/thumb/v7-m/nofp\libc.a(lib_a-fiprintf.o)
                0x000000000800c7e8                fiprintf
 .text._fstat_r
                0x000000000800c810       0x28 D:/Desktop/source/zephyr-sdk-0.16.1/arm-zephyr-eabi/arm-zephyr-eabi/lib/thumb/v7-m/nofp\libc.a(lib_a-fstatr.o)
                0x000000000800c810                _fstat_r
 .text.__sfvwrite_r
                0x000000000800c838      0x2ec D:/Desktop/source/zephyr-sdk-0.16.1/arm-zephyr-eabi/arm-zephyr-eabi/lib/thumb/v7-m/nofp\libc.a(lib_a-fvwrite.o)
                0x000000000800c838                __sfvwrite_r
 .text._isatty_r
                0x000000000800cb24       0x24 D:/Desktop/source/zephyr-sdk-0.16.1/arm-zephyr-eabi/arm-zephyr-eabi/lib/thumb/v7-m/nofp\libc.a(lib_a-isattyr.o)
                0x000000000800cb24                _isatty_r
 .text._lseek_r
                0x000000000800cb48       0x2c D:/Desktop/source/zephyr-sdk-0.16.1/arm-zephyr-eabi/arm-zephyr-eabi/lib/thumb/v7-m/nofp\libc.a(lib_a-lseekr.o)
                0x000000000800cb48                _lseek_r
 .text.__ascii_mbtowc
                0x000000000800cb74       0x2c D:/Desktop/source/zephyr-sdk-0.16.1/arm-zephyr-eabi/arm-zephyr-eabi/lib/thumb/v7-m/nofp\libc.a(lib_a-mbtowc_r.o)
                0x000000000800cb74                __ascii_mbtowc
 .text.memmove  0x000000000800cba0       0xfc D:/Desktop/source/zephyr-sdk-0.16.1/arm-zephyr-eabi/arm-zephyr-eabi/lib/thumb/v7-m/nofp\libc.a(lib_a-memmove.o)
                0x000000000800cba0                memmove
 .text._read_r  0x000000000800cc9c       0x2c D:/Desktop/source/zephyr-sdk-0.16.1/arm-zephyr-eabi/arm-zephyr-eabi/lib/thumb/v7-m/nofp\libc.a(lib_a-readr.o)
                0x000000000800cc9c                _read_r
 .text._realloc_r
                0x000000000800ccc8      0x34c D:/Desktop/source/zephyr-sdk-0.16.1/arm-zephyr-eabi/arm-zephyr-eabi/lib/thumb/v7-m/nofp\libc.a(lib_a-reallocr.o)
                0x000000000800ccc8                _realloc_r
 .text.__ascii_wctomb
                0x000000000800d014       0x1c D:/Desktop/source/zephyr-sdk-0.16.1/arm-zephyr-eabi/arm-zephyr-eabi/lib/thumb/v7-m/nofp\libc.a(lib_a-wctomb_r.o)
                0x000000000800d014                __ascii_wctomb
 .text._OffsetAbsSyms
                0x000000000800d030        0x2 zephyr/CMakeFiles/offsets.dir/./arch/arm/core/offsets/offsets.c.obj
                0x000000000800d030                _OffsetAbsSyms
 .text.cbpprintf_external
                0x000000000800d032       0x62 zephyr/libzephyr.a(cbprintf_packaged.c.obj)
                0x000000000800d032                cbpprintf_external
 .text.is_ptr   0x000000000800d094       0x4a zephyr/libzephyr.a(cbprintf_packaged.c.obj)
                0x000000000800d094                is_ptr
 .text.arch_printk_char_out
                0x000000000800d0de        0x4 zephyr/libzephyr.a(printk.c.obj)
                0x000000000800d0de                arch_printk_char_out
 .text.str_out  0x000000000800d0e2       0x26 zephyr/libzephyr.a(printk.c.obj)
 .text.printk   0x000000000800d108       0x1a zephyr/libzephyr.a(printk.c.obj)
                0x000000000800d108                printk
 .text.snprintk
                0x000000000800d122       0x1a zephyr/libzephyr.a(printk.c.obj)
                0x000000000800d122                snprintk
 .text.z_thread_entry
                0x000000000800d13c       0x14 zephyr/libzephyr.a(thread_entry.c.obj)
                0x000000000800d13c                z_thread_entry
 .text._ldiv5   0x000000000800d150       0x30 zephyr/libzephyr.a(cbprintf_complete.c.obj)
 .text._get_digit
                0x000000000800d180       0x2e zephyr/libzephyr.a(cbprintf_complete.c.obj)
 .text.outs     0x000000000800d1ae       0x2e zephyr/libzephyr.a(cbprintf_complete.c.obj)
 .text.free_space
                0x000000000800d1dc       0x26 zephyr/libzephyr.a(mpsc_pbuf.c.obj)
 .text.get_usage
                0x000000000800d202       0x22 zephyr/libzephyr.a(mpsc_pbuf.c.obj)
 .text.idx_inc  0x000000000800d224       0x1c zephyr/libzephyr.a(mpsc_pbuf.c.obj)
 .text.rd_idx_inc
                0x000000000800d240       0x18 zephyr/libzephyr.a(mpsc_pbuf.c.obj)
 .text.add_skip_item
                0x000000000800d258       0x3e zephyr/libzephyr.a(mpsc_pbuf.c.obj)
 .text.drop_item_locked
                0x000000000800d296       0xee zephyr/libzephyr.a(mpsc_pbuf.c.obj)
 .text.post_drop_action
                0x000000000800d384       0x36 zephyr/libzephyr.a(mpsc_pbuf.c.obj)
 .text.max_utilization_update
                0x000000000800d3ba       0x1a zephyr/libzephyr.a(mpsc_pbuf.c.obj)
 .text.mpsc_pbuf_init
                0x000000000800d3d4       0x42 zephyr/libzephyr.a(mpsc_pbuf.c.obj)
                0x000000000800d3d4                mpsc_pbuf_init
 .text.mpsc_pbuf_alloc
                0x000000000800d416       0xfc zephyr/libzephyr.a(mpsc_pbuf.c.obj)
                0x000000000800d416                mpsc_pbuf_alloc
 .text.mpsc_pbuf_commit
                0x000000000800d512       0x40 zephyr/libzephyr.a(mpsc_pbuf.c.obj)
                0x000000000800d512                mpsc_pbuf_commit
 .text.mpsc_pbuf_claim
                0x000000000800d552       0xa4 zephyr/libzephyr.a(mpsc_pbuf.c.obj)
                0x000000000800d552                mpsc_pbuf_claim
 .text.mpsc_pbuf_free
                0x000000000800d5f6       0x78 zephyr/libzephyr.a(mpsc_pbuf.c.obj)
                0x000000000800d5f6                mpsc_pbuf_free
 .text.mpsc_pbuf_is_pending
                0x000000000800d66e       0x1a zephyr/libzephyr.a(mpsc_pbuf.c.obj)
                0x000000000800d66e                mpsc_pbuf_is_pending
 .text._ConfigAbsSyms
                0x000000000800d688        0x2 zephyr/libzephyr.a(configs.c.obj)
                0x000000000800d688                _ConfigAbsSyms
 .text.log_msg_generic_get_wlen
                0x000000000800d68a       0x20 zephyr/libzephyr.a(log_core.c.obj)
 .text.dummy_timestamp
                0x000000000800d6aa        0x4 zephyr/libzephyr.a(log_core.c.obj)
 .text.atomic_inc
                0x000000000800d6ae       0x1a zephyr/libzephyr.a(log_core.c.obj)
 .text.default_lf_get_timestamp
                0x000000000800d6c8       0x10 zephyr/libzephyr.a(log_core.c.obj)
 .text.z_log_vprintk
                0x000000000800d6d8       0x1c zephyr/libzephyr.a(log_core.c.obj)
                0x000000000800d6d8                z_log_vprintk
 .text.z_log_notify_drop
                0x000000000800d6f4        0x6 zephyr/libzephyr.a(log_core.c.obj)
 .text.z_log_get_tag
                0x000000000800d6fa        0x4 zephyr/libzephyr.a(log_core.c.obj)
                0x000000000800d6fa                z_log_get_tag
 .text.z_cbprintf_cpy
                0x000000000800d6fe       0x2c zephyr/libzephyr.a(log_msg.c.obj)
 .text.z_log_msg_finalize
                0x000000000800d72a       0x32 zephyr/libzephyr.a(log_msg.c.obj)
                0x000000000800d72a                z_log_msg_finalize
 .text.buffer_write
                0x000000000800d75c       0x1a zephyr/libzephyr.a(log_output.c.obj)
 .text.cbvprintf
                0x000000000800d776        0xe zephyr/libzephyr.a(log_output.c.obj)
 .text.log_output_flush
                0x000000000800d784       0x18 zephyr/libzephyr.a(log_output.c.obj)
                0x000000000800d784                log_output_flush
 .text.out_func
                0x000000000800d79c       0x36 zephyr/libzephyr.a(log_output.c.obj)
 .text.cr_out_func
                0x000000000800d7d2       0x1c zephyr/libzephyr.a(log_output.c.obj)
 .text.log_backend_uart_init
                0x000000000800d7ee        0x2 zephyr/libzephyr.a(log_backend_uart.c.obj)
 .text.z_do_kernel_oops
                0x000000000800d7f0        0x8 zephyr/arch/arch/arm/core/aarch32/libarch__arm__core__aarch32.a(fatal.c.obj)
                0x000000000800d7f0                z_do_kernel_oops
 .text.z_irq_spurious
                0x000000000800d7f8        0x8 zephyr/arch/arch/arm/core/aarch32/libarch__arm__core__aarch32.a(irq_manage.c.obj)
                0x000000000800d7f8                z_irq_spurious
 .text.z_arm_nmi
                0x000000000800d800        0xe zephyr/arch/arch/arm/core/aarch32/libarch__arm__core__aarch32.a(nmi.c.obj)
                0x000000000800d800                z_arm_nmi
 .text.z_log_msg_static_create.constprop.0
                0x000000000800d80e        0x6 zephyr/arch/arch/arm/core/aarch32/cortex_m/libarch__arm__core__aarch32__cortex_m.a(fault.c.obj)
 .text.malloc_prepare
                0x000000000800d814        0x4 zephyr/lib/libc/newlib/liblib__libc__newlib.a(libc-hooks.c.obj)
 .text._stdout_hook_default
                0x000000000800d818        0x6 zephyr/lib/libc/newlib/liblib__libc__newlib.a(libc-hooks.c.obj)
 .text._stdin_hook_default
                0x000000000800d81e        0x4 zephyr/lib/libc/newlib/liblib__libc__newlib.a(libc-hooks.c.obj)
 .text._read    0x000000000800d822        0x8 zephyr/lib/libc/newlib/liblib__libc__newlib.a(libc-hooks.c.obj)
                0x000000000800d822                _read
                0x000000000800d822                read
 .text._write   0x000000000800d82a        0x8 zephyr/lib/libc/newlib/liblib__libc__newlib.a(libc-hooks.c.obj)
                0x000000000800d82a                _write
                0x000000000800d82a                write
 .text._close   0x000000000800d832        0x6 zephyr/lib/libc/newlib/liblib__libc__newlib.a(libc-hooks.c.obj)
                0x000000000800d832                _close
                0x000000000800d832                close
 .text._lseek   0x000000000800d838        0x4 zephyr/lib/libc/newlib/liblib__libc__newlib.a(libc-hooks.c.obj)
                0x000000000800d838                _lseek
                0x000000000800d838                lseek
 .text._isatty  0x000000000800d83c        0xa zephyr/lib/libc/newlib/liblib__libc__newlib.a(libc-hooks.c.obj)
                0x000000000800d83c                _isatty
                0x000000000800d83c                isatty
 .text._fstat   0x000000000800d846        0xa zephyr/lib/libc/newlib/liblib__libc__newlib.a(libc-hooks.c.obj)
                0x000000000800d846                fstat
                0x000000000800d846                _fstat
 .text.__retarget_lock_init_recursive
                0x000000000800d850       0x14 zephyr/lib/libc/newlib/liblib__libc__newlib.a(libc-hooks.c.obj)
                0x000000000800d850                __retarget_lock_init_recursive
 .text.__retarget_lock_close_recursive
                0x000000000800d864        0x4 zephyr/lib/libc/newlib/liblib__libc__newlib.a(libc-hooks.c.obj)
                0x000000000800d864                __retarget_lock_close_recursive
 .text.__retarget_lock_acquire_recursive
                0x000000000800d868        0xc zephyr/lib/libc/newlib/liblib__libc__newlib.a(libc-hooks.c.obj)
                0x000000000800d868                __retarget_lock_acquire_recursive
 .text.__retarget_lock_release_recursive
                0x000000000800d874        0x4 zephyr/lib/libc/newlib/liblib__libc__newlib.a(libc-hooks.c.obj)
                0x000000000800d874                __retarget_lock_release_recursive
 .text.stm32_exti_init
                0x000000000800d878       0x92 zephyr/drivers/interrupt_controller/libdrivers__interrupt_controller.a(intc_exti_stm32.c.obj)
 .text.stm32_clock_control_on
                0x000000000800d90a       0x24 zephyr/drivers/clock_control/libdrivers__clock_control.a(clock_stm32_ll_common.c.obj)
 .text.stm32_clock_control_off
                0x000000000800d92e       0x24 zephyr/drivers/clock_control/libdrivers__clock_control.a(clock_stm32_ll_common.c.obj)
 .text.stm32_clock_control_get_status
                0x000000000800d952       0x2e zephyr/drivers/clock_control/libdrivers__clock_control.a(clock_stm32_ll_common.c.obj)
 .text.stm32_clock_control_configure
                0x000000000800d980       0x56 zephyr/drivers/clock_control/libdrivers__clock_control.a(clock_stm32_ll_common.c.obj)
 .text.config_enable_default_clocks
                0x000000000800d9d6        0x2 zephyr/drivers/clock_control/libdrivers__clock_control.a(clock_stm32f1.c.obj)
                0x000000000800d9d6                config_enable_default_clocks
 .text.gpio_stm32_port_get_raw
                0x000000000800d9d8        0xc zephyr/drivers/gpio/libdrivers__gpio.a(gpio_stm32.c.obj)
 .text.gpio_stm32_port_set_masked_raw
                0x000000000800d9e4       0x12 zephyr/drivers/gpio/libdrivers__gpio.a(gpio_stm32.c.obj)
 .text.gpio_stm32_port_set_bits_raw
                0x000000000800d9f6        0xa zephyr/drivers/gpio/libdrivers__gpio.a(gpio_stm32.c.obj)
 .text.gpio_stm32_port_clear_bits_raw
                0x000000000800da00        0xa zephyr/drivers/gpio/libdrivers__gpio.a(gpio_stm32.c.obj)
 .text.gpio_stm32_port_toggle_bits
                0x000000000800da0a        0xe zephyr/drivers/gpio/libdrivers__gpio.a(gpio_stm32.c.obj)
 .text.gpio_stm32_manage_callback
                0x000000000800da18       0x52 zephyr/drivers/gpio/libdrivers__gpio.a(gpio_stm32.c.obj)
 .text.LL_GPIO_SetPinMode
                0x000000000800da6a       0x2c zephyr/drivers/gpio/libdrivers__gpio.a(gpio_stm32.c.obj)
 .text.LL_GPIO_SetPinSpeed
                0x000000000800da96       0x2c zephyr/drivers/gpio/libdrivers__gpio.a(gpio_stm32.c.obj)
 .text.LL_GPIO_SetPinOutputType
                0x000000000800dac2       0x2c zephyr/drivers/gpio/libdrivers__gpio.a(gpio_stm32.c.obj)
 .text.gpio_stm32_isr
                0x000000000800daee       0x2e zephyr/drivers/gpio/libdrivers__gpio.a(gpio_stm32.c.obj)
 .text.gpio_stm32_configure_raw.constprop.0.isra.0
                0x000000000800db1c       0xaa zephyr/drivers/gpio/libdrivers__gpio.a(gpio_stm32.c.obj)
 .text.gpio_stm32_config
                0x000000000800dbc6       0x72 zephyr/drivers/gpio/libdrivers__gpio.a(gpio_stm32.c.obj)
 .text.gpio_stm32_configure
                0x000000000800dc38       0x2a zephyr/drivers/gpio/libdrivers__gpio.a(gpio_stm32.c.obj)
                0x000000000800dc38                gpio_stm32_configure
 .text.pinctrl_lookup_state
                0x000000000800dc62       0x26 zephyr/drivers/pinctrl/libdrivers__pinctrl.a(common.c.obj)
                0x000000000800dc62                pinctrl_lookup_state
 .text.reset_stm32_status
                0x000000000800dc88       0x20 zephyr/drivers/reset/libdrivers__reset.a(reset_stm32.c.obj)
 .text.reset_stm32_line_assert
                0x000000000800dca8       0x1c zephyr/drivers/reset/libdrivers__reset.a(reset_stm32.c.obj)
 .text.reset_stm32_line_deassert
                0x000000000800dcc4       0x1e zephyr/drivers/reset/libdrivers__reset.a(reset_stm32.c.obj)
 .text.reset_stm32_line_toggle
                0x000000000800dce2       0x16 zephyr/drivers/reset/libdrivers__reset.a(reset_stm32.c.obj)
 .text.gpio_pin_configure_dt
                0x000000000800dcf8       0x3e zephyr/drivers/sensor/dht/libdrivers__sensor__dht.a(dht.c.obj)
 .text.dht_init
                0x000000000800dd36       0x22 zephyr/drivers/sensor/dht/libdrivers__sensor__dht.a(dht.c.obj)
 .text.gpio_pin_set_dt.isra.0
                0x000000000800dd58       0x28 zephyr/drivers/sensor/dht/libdrivers__sensor__dht.a(dht.c.obj)
 .text.dht_sample_fetch
                0x000000000800dd80      0x124 zephyr/drivers/sensor/dht/libdrivers__sensor__dht.a(dht.c.obj)
 .text.LL_USART_ClearFlag_PE
                0x000000000800dea4       0x12 zephyr/drivers/serial/libdrivers__serial.a(uart_stm32.c.obj)
 .text.uart_stm32_poll_in
                0x000000000800deb6       0x22 zephyr/drivers/serial/libdrivers__serial.a(uart_stm32.c.obj)
 .text.uart_stm32_poll_out
                0x000000000800ded8       0x3a zephyr/drivers/serial/libdrivers__serial.a(uart_stm32.c.obj)
 .text.uart_stm32_err_check
                0x000000000800df12       0x66 zephyr/drivers/serial/libdrivers__serial.a(uart_stm32.c.obj)
 .text.uart_stm32_fifo_fill
                0x000000000800df78       0x46 zephyr/drivers/serial/libdrivers__serial.a(uart_stm32.c.obj)
 .text.uart_stm32_fifo_read
                0x000000000800dfbe       0x2a zephyr/drivers/serial/libdrivers__serial.a(uart_stm32.c.obj)
 .text.uart_stm32_irq_tx_enable
                0x000000000800dfe8        0xe zephyr/drivers/serial/libdrivers__serial.a(uart_stm32.c.obj)
 .text.uart_stm32_irq_tx_disable
                0x000000000800dff6        0xe zephyr/drivers/serial/libdrivers__serial.a(uart_stm32.c.obj)
 .text.uart_stm32_irq_tx_ready
                0x000000000800e004       0x14 zephyr/drivers/serial/libdrivers__serial.a(uart_stm32.c.obj)
 .text.uart_stm32_irq_tx_complete
                0x000000000800e018        0xc zephyr/drivers/serial/libdrivers__serial.a(uart_stm32.c.obj)
 .text.uart_stm32_irq_rx_enable
                0x000000000800e024        0xe zephyr/drivers/serial/libdrivers__serial.a(uart_stm32.c.obj)
 .text.uart_stm32_irq_rx_disable
                0x000000000800e032        0xe zephyr/drivers/serial/libdrivers__serial.a(uart_stm32.c.obj)
 .text.uart_stm32_irq_rx_ready
                0x000000000800e040        0xc zephyr/drivers/serial/libdrivers__serial.a(uart_stm32.c.obj)
 .text.uart_stm32_irq_is_pending
                0x000000000800e04c       0x24 zephyr/drivers/serial/libdrivers__serial.a(uart_stm32.c.obj)
 .text.uart_stm32_irq_update
                0x000000000800e070        0x4 zephyr/drivers/serial/libdrivers__serial.a(uart_stm32.c.obj)
 .text.uart_stm32_irq_callback_set
                0x000000000800e074        0x8 zephyr/drivers/serial/libdrivers__serial.a(uart_stm32.c.obj)
 .text.uart_stm32_isr
                0x000000000800e07c        0xc zephyr/drivers/serial/libdrivers__serial.a(uart_stm32.c.obj)
 .text.uart_stm32_irq_config_func_0
                0x000000000800e088       0x16 zephyr/drivers/serial/libdrivers__serial.a(uart_stm32.c.obj)
 .text.uart_stm32_config_get
                0x000000000800e09e       0x8c zephyr/drivers/serial/libdrivers__serial.a(uart_stm32.c.obj)
 .text.uart_stm32_set_baudrate
                0x000000000800e12a       0x4c zephyr/drivers/serial/libdrivers__serial.a(uart_stm32.c.obj)
 .text._GetAvailWriteSpace
                0x000000000800e176       0x12 modules/segger/libmodules__segger.a(SEGGER_RTT.c.obj)
 .text._WriteNoCheck
                0x000000000800e188       0x3a modules/segger/libmodules__segger.a(SEGGER_RTT.c.obj)
 .text._WriteBlocking
                0x000000000800e1c2       0x52 modules/segger/libmodules__segger.a(SEGGER_RTT.c.obj)
 .text.SEGGER_RTT_Init
                0x000000000800e214        0x4 modules/segger/libmodules__segger.a(SEGGER_RTT.c.obj)
                0x000000000800e214                SEGGER_RTT_Init
 .text.rtt_init
                0x000000000800e218        0xa modules/segger/libmodules__segger.a(SEGGER_RTT_zephyr.c.obj)
 .text.gpio_pin_configure_dt
                0x000000000800e222       0x3e modules/drivers/dht_driver/lib..__..__dht22__drivers__dht_driver.a(dht_driver.c.obj)
 .text.dht_init
                0x000000000800e260       0x22 modules/drivers/dht_driver/lib..__..__dht22__drivers__dht_driver.a(dht_driver.c.obj)
 .text.gpio_pin_set_dt.isra.0
                0x000000000800e282       0x28 modules/drivers/dht_driver/lib..__..__dht22__drivers__dht_driver.a(dht_driver.c.obj)
 .text.dht_sample_fetch
                0x000000000800e2aa      0x124 modules/drivers/dht_driver/lib..__..__dht22__drivers__dht_driver.a(dht_driver.c.obj)
 .text.z_device_state_init
                0x000000000800e3ce        0x2 zephyr/kernel/libkernel.a(device.c.obj)
                0x000000000800e3ce                z_device_state_init
 .text.z_device_is_ready
                0x000000000800e3d0       0x16 zephyr/kernel/libkernel.a(device.c.obj)
                0x000000000800e3d0                z_device_is_ready
 .text.arch_system_halt
                0x000000000800e3e6       0x12 zephyr/kernel/libkernel.a(fatal.c.obj)
                0x000000000800e3e6                arch_system_halt
 .text.z_early_memset
                0x000000000800e3f8        0x4 zephyr/kernel/libkernel.a(init.c.obj)
                0x000000000800e3f8                z_early_memset
 .text.z_early_memcpy
                0x000000000800e3fc        0x4 zephyr/kernel/libkernel.a(init.c.obj)
                0x000000000800e3fc                z_early_memcpy
 .text.k_is_in_isr
                0x000000000800e400        0xc zephyr/kernel/libkernel.a(thread.c.obj)
                0x000000000800e400                k_is_in_isr
 .text.z_impl_k_thread_name_set
                0x000000000800e40c        0x6 zephyr/kernel/libkernel.a(thread.c.obj)
                0x000000000800e40c                z_impl_k_thread_name_set
 .text.k_thread_name_get
                0x000000000800e412        0x4 zephyr/kernel/libkernel.a(thread.c.obj)
                0x000000000800e412                k_thread_name_get
 .text.idle     0x000000000800e416       0x18 zephyr/kernel/libkernel.a(idle.c.obj)
                0x000000000800e416                idle
 .text.adjust_owner_prio.isra.0
                0x000000000800e42e       0x10 zephyr/kernel/libkernel.a(mutex.c.obj)
 .text.z_impl_k_mutex_init
                0x000000000800e43e        0xe zephyr/kernel/libkernel.a(mutex.c.obj)
                0x000000000800e43e                z_impl_k_mutex_init
 .text.z_impl_k_sem_init
                0x000000000800e44c       0x18 zephyr/kernel/libkernel.a(sem.c.obj)
                0x000000000800e44c                z_impl_k_sem_init
 .text.sys_dlist_remove
                0x000000000800e464       0x10 zephyr/kernel/libkernel.a(sched.c.obj)
 .text.unpend_thread_no_timeout
                0x000000000800e474       0x14 zephyr/kernel/libkernel.a(sched.c.obj)
 .text.add_to_waitq_locked
                0x000000000800e488       0x50 zephyr/kernel/libkernel.a(sched.c.obj)
 .text.z_ready_thread
                0x000000000800e4d8       0x20 zephyr/kernel/libkernel.a(sched.c.obj)
                0x000000000800e4d8                z_ready_thread
 .text.z_unpend_thread_no_timeout
                0x000000000800e4f8       0x24 zephyr/kernel/libkernel.a(sched.c.obj)
                0x000000000800e4f8                z_unpend_thread_no_timeout
 .text.z_sched_wake_thread
                0x000000000800e51c       0x44 zephyr/kernel/libkernel.a(sched.c.obj)
                0x000000000800e51c                z_sched_wake_thread
 .text.z_thread_timeout
                0x000000000800e560        0x8 zephyr/kernel/libkernel.a(sched.c.obj)
                0x000000000800e560                z_thread_timeout
 .text.z_unpend1_no_timeout
                0x000000000800e568       0x2e zephyr/kernel/libkernel.a(sched.c.obj)
                0x000000000800e568                z_unpend1_no_timeout
 .text.z_unpend_first_thread
                0x000000000800e596       0x38 zephyr/kernel/libkernel.a(sched.c.obj)
                0x000000000800e596                z_unpend_first_thread
 .text.z_reschedule_irqlock
                0x000000000800e5ce       0x18 zephyr/kernel/libkernel.a(sched.c.obj)
                0x000000000800e5ce                z_reschedule_irqlock
 .text.z_reschedule_unlocked
                0x000000000800e5e6       0x14 zephyr/kernel/libkernel.a(sched.c.obj)
 .text.z_abort_timeout
                0x000000000800e5fa       0x2c zephyr/kernel/libkernel.a(timeout.c.obj)
                0x000000000800e5fa                z_abort_timeout
 .text.sys_clock_tick_get_32
                0x000000000800e626        0x8 zephyr/kernel/libkernel.a(timeout.c.obj)
                0x000000000800e626                sys_clock_tick_get_32
 .text.z_impl_k_uptime_ticks
                0x000000000800e62e        0x4 zephyr/kernel/libkernel.a(timeout.c.obj)
                0x000000000800e62e                z_impl_k_uptime_ticks
 .text.k_timer_init
                0x000000000800e632       0x18 zephyr/kernel/libkernel.a(timer.c.obj)
                0x000000000800e632                k_timer_init
 .text.z_impl_k_timer_stop
                0x000000000800e64a       0x3a zephyr/kernel/libkernel.a(timer.c.obj)
                0x000000000800e64a                z_impl_k_timer_stop
 *(SORT_BY_ALIGNMENT(.TEXT.*))
 *(SORT_BY_ALIGNMENT(.gnu.linkonce.t.*))
 *(SORT_BY_ALIGNMENT(.glue_7t))
 .glue_7t       0x000000000800e684        0x0 linker stubs
 *(SORT_BY_ALIGNMENT(.glue_7))
 .glue_7        0x000000000800e684        0x0 linker stubs
 *(SORT_BY_ALIGNMENT(.vfp11_veneer))
 .vfp11_veneer  0x000000000800e684        0x0 linker stubs
 *(SORT_BY_ALIGNMENT(.v4_bx))
 .v4_bx         0x000000000800e684        0x0 linker stubs
                0x000000000800e684                . = ALIGN (0x4)
                0x000000000800e684                __text_region_end = .

.ARM.exidx      0x000000000800e684        0x8
                0x000000000800e684                __exidx_start = .
 *(SORT_BY_ALIGNMENT(.ARM.exidx*) SORT_BY_ALIGNMENT(gnu.linkonce.armexidx.*))
 .ARM.exidx     0x000000000800e684        0x8 d:/desktop/source/zephyr-sdk-0.16.1/arm-zephyr-eabi/bin/../lib/gcc/arm-zephyr-eabi/12.2.0/thumb/v7-m/nofp\libgcc.a(_udivmoddi4.o)
                0x000000000800e68c                __exidx_end = .
                0x000000000800e68c                __rodata_region_start = .

initlevel       0x000000000800e68c       0x98
                0x000000000800e68c                __init_start = .
                0x000000000800e68c                __init_EARLY_start = .
 *(SORT_BY_NAME(SORT_BY_ALIGNMENT(.z_init_EARLY?_*)))
 *(SORT_BY_NAME(SORT_BY_ALIGNMENT(.z_init_EARLY??_*)))
                0x000000000800e68c                __init_PRE_KERNEL_1_start = .
 *(SORT_BY_NAME(SORT_BY_ALIGNMENT(.z_init_PRE_KERNEL_1?_*)))
 .z_init_PRE_KERNEL_10_0_
                0x000000000800e68c        0x8 zephyr/libzephyr.a(soc.c.obj)
 .z_init_PRE_KERNEL_11_00008_
                0x000000000800e694        0x8 zephyr/drivers/clock_control/libdrivers__clock_control.a(clock_stm32_ll_common.c.obj)
 .z_init_PRE_KERNEL_11_0_
                0x000000000800e69c        0x8 zephyr/libzephyr.a(soc_config.c.obj)
 *(SORT_BY_NAME(SORT_BY_ALIGNMENT(.z_init_PRE_KERNEL_1??_*)))
 .z_init_PRE_KERNEL_130_0_
                0x000000000800e6a4        0x8 modules/segger/libmodules__segger.a(SEGGER_RTT_zephyr.c.obj)
 .z_init_PRE_KERNEL_135_00032_
                0x000000000800e6ac        0x8 zephyr/drivers/reset/libdrivers__reset.a(reset_stm32.c.obj)
 .z_init_PRE_KERNEL_140_00009_
                0x000000000800e6b4        0x8 zephyr/drivers/gpio/libdrivers__gpio.a(gpio_stm32.c.obj)
 .z_init_PRE_KERNEL_140_00024_
                0x000000000800e6bc        0x8 zephyr/drivers/gpio/libdrivers__gpio.a(gpio_stm32.c.obj)
 .z_init_PRE_KERNEL_140_00030_
                0x000000000800e6c4        0x8 zephyr/drivers/interrupt_controller/libdrivers__interrupt_controller.a(intc_exti_stm32.c.obj)
 .z_init_PRE_KERNEL_140_00047_
                0x000000000800e6cc        0x8 zephyr/drivers/gpio/libdrivers__gpio.a(gpio_stm32.c.obj)
 .z_init_PRE_KERNEL_140_00048_
                0x000000000800e6d4        0x8 zephyr/drivers/gpio/libdrivers__gpio.a(gpio_stm32.c.obj)
 .z_init_PRE_KERNEL_140_00049_
                0x000000000800e6dc        0x8 zephyr/drivers/gpio/libdrivers__gpio.a(gpio_stm32.c.obj)
 .z_init_PRE_KERNEL_155_00037_
                0x000000000800e6e4        0x8 zephyr/drivers/serial/libdrivers__serial.a(uart_stm32.c.obj)
 .z_init_PRE_KERNEL_160_0_
                0x000000000800e6ec        0x8 zephyr/drivers/console/libdrivers__console.a(rtt_console.c.obj)
 .z_init_PRE_KERNEL_160_0_
                0x000000000800e6f4        0x8 zephyr/drivers/console/libdrivers__console.a(uart_console.c.obj)
                0x000000000800e6fc                __init_PRE_KERNEL_2_start = .
 *(SORT_BY_NAME(SORT_BY_ALIGNMENT(.z_init_PRE_KERNEL_2?_*)))
 .z_init_PRE_KERNEL_20_0_
                0x000000000800e6fc        0x8 zephyr/drivers/timer/libdrivers__timer.a(cortex_m_systick.c.obj)
 *(SORT_BY_NAME(SORT_BY_ALIGNMENT(.z_init_PRE_KERNEL_2??_*)))
                0x000000000800e704                __init_POST_KERNEL_start = .
 *(SORT_BY_NAME(SORT_BY_ALIGNMENT(.z_init_POST_KERNEL?_*)))
 .z_init_POST_KERNEL0_0_
                0x000000000800e704        0x8 zephyr/libzephyr.a(log_core.c.obj)
 *(SORT_BY_NAME(SORT_BY_ALIGNMENT(.z_init_POST_KERNEL??_*)))
 .z_init_POST_KERNEL40_0_
                0x000000000800e70c        0x8 zephyr/lib/libc/newlib/liblib__libc__newlib.a(libc-hooks.c.obj)
 .z_init_POST_KERNEL90_00010_
                0x000000000800e714        0x8 zephyr/drivers/sensor/dht/libdrivers__sensor__dht.a(dht.c.obj)
 .z_init_POST_KERNEL90_00010_
                0x000000000800e71c        0x8 modules/drivers/dht_driver/lib..__..__dht22__drivers__dht_driver.a(dht_driver.c.obj)
                0x000000000800e724                __init_APPLICATION_start = .
 *(SORT_BY_NAME(SORT_BY_ALIGNMENT(.z_init_APPLICATION?_*)))
 *(SORT_BY_NAME(SORT_BY_ALIGNMENT(.z_init_APPLICATION??_*)))
                0x000000000800e724                __init_SMP_start = .
 *(SORT_BY_NAME(SORT_BY_ALIGNMENT(.z_init_SMP?_*)))
 *(SORT_BY_NAME(SORT_BY_ALIGNMENT(.z_init_SMP??_*)))
                0x000000000800e724                __init_end = .

device_area     0x000000000800e724       0xdc
                0x000000000800e724                _device_list_start = .
 *(SORT_BY_NAME(SORT_BY_ALIGNMENT(._device.static.*_?_*)))
 ._device.static.1_1_
                0x000000000800e724       0x14 zephyr/drivers/clock_control/libdrivers__clock_control.a(clock_stm32_ll_common.c.obj)
                0x000000000800e724                __device_dts_ord_8
 *(SORT_BY_NAME(SORT_BY_ALIGNMENT(._device.static.*_??_*)))
 ._device.static.1_35_
                0x000000000800e738       0x14 zephyr/drivers/reset/libdrivers__reset.a(reset_stm32.c.obj)
                0x000000000800e738                __device_dts_ord_32
 ._device.static.1_40_
                0x000000000800e74c       0x14 zephyr/drivers/interrupt_controller/libdrivers__interrupt_controller.a(intc_exti_stm32.c.obj)
                0x000000000800e74c                __device_dts_ord_30
 ._device.static.1_40_
                0x000000000800e760       0x64 zephyr/drivers/gpio/libdrivers__gpio.a(gpio_stm32.c.obj)
                0x000000000800e760                __device_dts_ord_49
                0x000000000800e774                __device_dts_ord_48
                0x000000000800e788                __device_dts_ord_24
                0x000000000800e79c                __device_dts_ord_47
                0x000000000800e7b0                __device_dts_ord_9
 ._device.static.1_55_
                0x000000000800e7c4       0x14 zephyr/drivers/serial/libdrivers__serial.a(uart_stm32.c.obj)
                0x000000000800e7c4                __device_dts_ord_37
 ._device.static.3_90_
                0x000000000800e7d8       0x14 zephyr/drivers/sensor/dht/libdrivers__sensor__dht.a(dht.c.obj)
                0x000000000800e7d8                __device_dts_ord_10
 ._device.static.3_90_
                0x000000000800e7ec       0x14 modules/drivers/dht_driver/lib..__..__dht22__drivers__dht_driver.a(dht_driver.c.obj)
                0x000000000800e800                _device_list_end = .

sw_isr_table    0x000000000800e800      0x1e0
                0x000000000800e800                . = ALIGN (0x4)
 *(SORT_BY_ALIGNMENT(.gnu.linkonce.sw_isr_table*))
 .gnu.linkonce.sw_isr_table
                0x000000000800e800      0x1e0 zephyr/arch/common/libisr_tables.a(isr_tables.c.obj)
                0x000000000800e800                _sw_isr_table

initlevel_error
                0x000000000800e68c        0x0
 *(SORT_BY_NAME(SORT_BY_ALIGNMENT(.z_init_[_A-Z0-9]*)))
                0x0000000000000001                ASSERT ((SIZEOF (initlevel_error) == 0x0), Undefined initialization levels used.)

app_shmem_regions
                0x000000000800e9e0        0x0
                0x000000000800e9e0                __app_shmem_regions_start = .
 *(SORT_BY_NAME(SORT_BY_ALIGNMENT(.app_regions.*)))
                0x000000000800e9e0                __app_shmem_regions_end = .

k_p4wq_initparam_area
                0x000000000800e9e0        0x0
                0x000000000800e9e0                _k_p4wq_initparam_list_start = .
 *(SORT_BY_NAME(SORT_BY_ALIGNMENT(._k_p4wq_initparam.static.*)))
                0x000000000800e9e0                _k_p4wq_initparam_list_end = .

_static_thread_data_area
                0x000000000800e9e0        0x0
                0x000000000800e9e0                __static_thread_data_list_start = .
 *(SORT_BY_NAME(SORT_BY_ALIGNMENT(.__static_thread_data.static.*)))
                0x000000000800e9e0                __static_thread_data_list_end = .

device_deps     0x000000000800e9e0        0x0
                0x000000000800e9e0                __device_deps_start = .
 *(SORT_BY_NAME(SORT_BY_ALIGNMENT(.__device_deps_pass2*)))
                0x000000000800e9e0                __device_deps_end = .

ztest           0x000000000800e9e0        0x0
                0x000000000800e9e0                _ztest_expected_result_entry_list_start = .
 *(SORT_BY_NAME(SORT_BY_ALIGNMENT(._ztest_expected_result_entry.static.*)))
                0x000000000800e9e0                _ztest_expected_result_entry_list_end = .
                0x000000000800e9e0                _ztest_suite_node_list_start = .
 *(SORT_BY_NAME(SORT_BY_ALIGNMENT(._ztest_suite_node.static.*)))
                0x000000000800e9e0                _ztest_suite_node_list_end = .
                0x000000000800e9e0                _ztest_unit_test_list_start = .
 *(SORT_BY_NAME(SORT_BY_ALIGNMENT(._ztest_unit_test.static.*)))
                0x000000000800e9e0                _ztest_unit_test_list_end = .
                0x000000000800e9e0                _ztest_test_rule_list_start = .
 *(SORT_BY_NAME(SORT_BY_ALIGNMENT(._ztest_test_rule.static.*)))
                0x000000000800e9e0                _ztest_test_rule_list_end = .

bt_l2cap_fixed_chan_area
                0x000000000800e9e0        0x0
                0x000000000800e9e0                _bt_l2cap_fixed_chan_list_start = .
 *(SORT_BY_NAME(SORT_BY_ALIGNMENT(._bt_l2cap_fixed_chan.static.*)))
                0x000000000800e9e0                _bt_l2cap_fixed_chan_list_end = .

bt_gatt_service_static_area
                0x000000000800e9e0        0x0
                0x000000000800e9e0                _bt_gatt_service_static_list_start = .
 *(SORT_BY_NAME(SORT_BY_ALIGNMENT(._bt_gatt_service_static.static.*)))
                0x000000000800e9e0                _bt_gatt_service_static_list_end = .

log_strings_area
                0x000000000800e9e0        0x0
                0x000000000800e9e0                _log_strings_list_start = .
 *(SORT_BY_NAME(SORT_BY_ALIGNMENT(._log_strings.static.*)))
                0x000000000800e9e0                _log_strings_list_end = .

log_const_area  0x000000000800e9e0       0x40
                0x000000000800e9e0                _log_const_list_start = .
 *(SORT_BY_NAME(SORT_BY_ALIGNMENT(._log_const.static.*)))
 ._log_const.static.log_const_DHT_
                0x000000000800e9e0        0x8 zephyr/drivers/sensor/dht/libdrivers__sensor__dht.a(dht.c.obj)
                0x000000000800e9e0                log_const_DHT
 ._log_const.static.log_const_DHT_
                0x000000000800e9e8        0x8 modules/drivers/dht_driver/lib..__..__dht22__drivers__dht_driver.a(dht_driver.c.obj)
 ._log_const.static.log_const_cbprintf_package_
                0x000000000800e9f0        0x8 zephyr/libzephyr.a(cbprintf_packaged.c.obj)
                0x000000000800e9f0                log_const_cbprintf_package
 ._log_const.static.log_const_log_
                0x000000000800e9f8        0x8 zephyr/libzephyr.a(log_core.c.obj)
                0x000000000800e9f8                log_const_log
 ._log_const.static.log_const_log_mgmt_
                0x000000000800ea00        0x8 zephyr/libzephyr.a(log_mgmt.c.obj)
                0x000000000800ea00                log_const_log_mgmt
 ._log_const.static.log_const_log_uart_
                0x000000000800ea08        0x8 zephyr/libzephyr.a(log_backend_uart.c.obj)
                0x000000000800ea08                log_const_log_uart
 ._log_const.static.log_const_os_
                0x000000000800ea10        0x8 zephyr/kernel/libkernel.a(init.c.obj)
                0x000000000800ea10                log_const_os
 ._log_const.static.log_const_uart_stm32_
                0x000000000800ea18        0x8 zephyr/drivers/serial/libdrivers__serial.a(uart_stm32.c.obj)
                0x000000000800ea18                log_const_uart_stm32
                0x000000000800ea20                _log_const_list_end = .

log_backend_area
                0x000000000800ea20       0x20
                0x000000000800ea20                _log_backend_list_start = .
 *(SORT_BY_NAME(SORT_BY_ALIGNMENT(._log_backend.static.*)))
 ._log_backend.static.log_backend_rtt_
                0x000000000800ea20       0x10 zephyr/libzephyr.a(log_backend_rtt.c.obj)
 ._log_backend.static.log_backend_uart_
                0x000000000800ea30       0x10 zephyr/libzephyr.a(log_backend_uart.c.obj)
                0x000000000800ea40                _log_backend_list_end = .

log_link_area   0x000000000800ea40        0x0
                0x000000000800ea40                _log_link_list_start = .
 *(SORT_BY_NAME(SORT_BY_ALIGNMENT(._log_link.static.*)))
                0x000000000800ea40                _log_link_list_end = .

tracing_backend_area
                0x000000000800ea40        0x0
                0x000000000800ea40                _tracing_backend_list_start = .
 *(SORT_BY_NAME(SORT_BY_ALIGNMENT(._tracing_backend.static.*)))
                0x000000000800ea40                _tracing_backend_list_end = .

zephyr_dbg_info
 *(SORT_BY_ALIGNMENT(.dbg_thread_info))

symbol_to_keep  0x000000000800ea40        0x0
                0x000000000800ea40                __symbol_to_keep_start = .
 *(SORT_BY_NAME(SORT_BY_ALIGNMENT(.symbol_to_keep*)))
                0x000000000800ea40                __symbol_to_keep_end = .

shell_area      0x000000000800ea40        0x0
                0x000000000800ea40                _shell_list_start = .
 *(SORT_BY_NAME(SORT_BY_ALIGNMENT(._shell.static.*)))
                0x000000000800ea40                _shell_list_end = .

shell_root_cmds_area
                0x000000000800ea40        0x0
                0x000000000800ea40                _shell_root_cmds_list_start = .
 *(SORT_BY_NAME(SORT_BY_ALIGNMENT(._shell_root_cmds.static.*)))
                0x000000000800ea40                _shell_root_cmds_list_end = .

shell_subcmds_area
                0x000000000800ea40        0x0
                0x000000000800ea40                _shell_subcmds_list_start = .
 *(SORT_BY_NAME(SORT_BY_ALIGNMENT(._shell_subcmds.static.*)))
                0x000000000800ea40                _shell_subcmds_list_end = .

shell_dynamic_subcmds_area
                0x000000000800ea40        0x0
                0x000000000800ea40                _shell_dynamic_subcmds_list_start = .
 *(SORT_BY_NAME(SORT_BY_ALIGNMENT(._shell_dynamic_subcmds.static.*)))
                0x000000000800ea40                _shell_dynamic_subcmds_list_end = .

cfb_font_area   0x000000000800ea40        0x0
                0x000000000800ea40                _cfb_font_list_start = .
 *(SORT_BY_NAME(SORT_BY_ALIGNMENT(._cfb_font.static.*)))
                0x000000000800ea40                _cfb_font_list_end = .

rodata          0x000000000800ea40      0xf28
 *(SORT_BY_ALIGNMENT(.rodata))
 *(SORT_BY_ALIGNMENT(.rodata.*))
 .rodata.__mprec_bigtens
                0x000000000800ea40       0x28 D:/Desktop/source/zephyr-sdk-0.16.1/arm-zephyr-eabi/arm-zephyr-eabi/lib/thumb/v7-m/nofp\libc.a(lib_a-mprec.o)
                0x000000000800ea40                __mprec_bigtens
 .rodata.__mprec_tens
                0x000000000800ea68       0xc8 D:/Desktop/source/zephyr-sdk-0.16.1/arm-zephyr-eabi/arm-zephyr-eabi/lib/thumb/v7-m/nofp\libc.a(lib_a-mprec.o)
                0x000000000800ea68                __mprec_tens
 .rodata.mpsc_config
                0x000000000800eb30       0x14 zephyr/libzephyr.a(log_core.c.obj)
 .rodata.format_table
                0x000000000800eb44       0x10 zephyr/libzephyr.a(log_core.c.obj)
 .rodata.colors
                0x000000000800eb54       0x14 zephyr/libzephyr.a(log_output.c.obj)
 .rodata.severity
                0x000000000800eb68       0x14 zephyr/libzephyr.a(log_output.c.obj)
 .rodata.log_backend_rtt_api
                0x000000000800eb7c       0x1c zephyr/libzephyr.a(log_backend_rtt.c.obj)
                0x000000000800eb7c                log_backend_rtt_api
 .rodata.log_output_rtt
                0x000000000800eb98       0x10 zephyr/libzephyr.a(log_backend_rtt.c.obj)
 .rodata.log_backend_uart_api
                0x000000000800eba8       0x1c zephyr/libzephyr.a(log_backend_uart.c.obj)
                0x000000000800eba8                log_backend_uart_api
 .rodata.log_output_uart
                0x000000000800ebc4       0x10 zephyr/libzephyr.a(log_backend_uart.c.obj)
 .rodata.gpio_stm32_cfg_e
                0x000000000800ebd4       0x14 zephyr/drivers/gpio/libdrivers__gpio.a(gpio_stm32.c.obj)
 .rodata.gpio_stm32_cfg_d
                0x000000000800ebe8       0x14 zephyr/drivers/gpio/libdrivers__gpio.a(gpio_stm32.c.obj)
 .rodata.gpio_stm32_cfg_c
                0x000000000800ebfc       0x14 zephyr/drivers/gpio/libdrivers__gpio.a(gpio_stm32.c.obj)
 .rodata.gpio_stm32_cfg_b
                0x000000000800ec10       0x14 zephyr/drivers/gpio/libdrivers__gpio.a(gpio_stm32.c.obj)
 .rodata.gpio_stm32_cfg_a
                0x000000000800ec24       0x14 zephyr/drivers/gpio/libdrivers__gpio.a(gpio_stm32.c.obj)
 .rodata.gpio_stm32_driver
                0x000000000800ec38       0x24 zephyr/drivers/gpio/libdrivers__gpio.a(gpio_stm32.c.obj)
 .rodata.gpio_ports
                0x000000000800ec5c       0x2c zephyr/drivers/pinctrl/libdrivers__pinctrl.a(pinctrl_stm32.c.obj)
 .rodata.reset_stm32_config
                0x000000000800ec88        0x4 zephyr/drivers/reset/libdrivers__reset.a(reset_stm32.c.obj)
 .rodata.reset_stm32_driver_api
                0x000000000800ec8c       0x10 zephyr/drivers/reset/libdrivers__reset.a(reset_stm32.c.obj)
 .rodata.dht_config_0
                0x000000000800ec9c        0x8 zephyr/drivers/sensor/dht/libdrivers__sensor__dht.a(dht.c.obj)
 .rodata.dht_api
                0x000000000800eca4       0x1c zephyr/drivers/sensor/dht/libdrivers__sensor__dht.a(dht.c.obj)
 .rodata.uart_stm32_cfg_0
                0x000000000800ecc0       0x24 zephyr/drivers/serial/libdrivers__serial.a(uart_stm32.c.obj)
 .rodata.pclken_0
                0x000000000800ece4        0x8 zephyr/drivers/serial/libdrivers__serial.a(uart_stm32.c.obj)
 .rodata.__pinctrl_dev_config__device_dts_ord_37
                0x000000000800ecec        0x8 zephyr/drivers/serial/libdrivers__serial.a(uart_stm32.c.obj)
 .rodata.__pinctrl_states__device_dts_ord_37
                0x000000000800ecf4        0x8 zephyr/drivers/serial/libdrivers__serial.a(uart_stm32.c.obj)
 .rodata.__pinctrl_state_pins_0__device_dts_ord_37
                0x000000000800ecfc       0x10 zephyr/drivers/serial/libdrivers__serial.a(uart_stm32.c.obj)
 .rodata.uart_stm32_driver_api
                0x000000000800ed0c       0x4c zephyr/drivers/serial/libdrivers__serial.a(uart_stm32.c.obj)
 .rodata.dht_config_0
                0x000000000800ed58        0x8 modules/drivers/dht_driver/lib..__..__dht22__drivers__dht_driver.a(dht_driver.c.obj)
 .rodata.dht_api
                0x000000000800ed60       0x1c modules/drivers/dht_driver/lib..__..__dht22__drivers__dht_driver.a(dht_driver.c.obj)
 .rodata._k_neg_eagain
                0x000000000800ed7c        0x4 zephyr/kernel/libkernel.a(errno.c.obj)
                0x000000000800ed7c                _k_neg_eagain
 .rodata.CSWTCH.487
                0x000000000800ed80       0x14 zephyr/kernel/libkernel.a(fatal.c.obj)
 .rodata.levels.0
                0x000000000800ed94       0x18 zephyr/kernel/libkernel.a(init.c.obj)
 .rodata._ctype_
                0x000000000800edac      0x101 D:/Desktop/source/zephyr-sdk-0.16.1/arm-zephyr-eabi/arm-zephyr-eabi/lib/thumb/v7-m/nofp\libc.a(lib_a-ctype_.o)
                0x000000000800edac                _ctype_
 *fill*         0x000000000800eead        0x3 
 .rodata._svfprintf_r.str1.4
                0x000000000800eeb0       0x42 D:/Desktop/source/zephyr-sdk-0.16.1/arm-zephyr-eabi/arm-zephyr-eabi/lib/thumb/v7-m/nofp\libc.a(lib_a-svfprintf.o)
 *fill*         0x000000000800eef2        0x2 
 .rodata.zeroes.0
                0x000000000800eef4       0x10 D:/Desktop/source/zephyr-sdk-0.16.1/arm-zephyr-eabi/arm-zephyr-eabi/lib/thumb/v7-m/nofp\libc.a(lib_a-svfprintf.o)
 .rodata.blanks.1
                0x000000000800ef04       0x10 D:/Desktop/source/zephyr-sdk-0.16.1/arm-zephyr-eabi/arm-zephyr-eabi/lib/thumb/v7-m/nofp\libc.a(lib_a-svfprintf.o)
 .rodata._vfprintf_r.str1.4
                0x000000000800ef14       0x42 D:/Desktop/source/zephyr-sdk-0.16.1/arm-zephyr-eabi/arm-zephyr-eabi/lib/thumb/v7-m/nofp\libc.a(lib_a-vfprintf.o)
 .rodata.zeroes.0
                0x000000000800ef14       0x10 D:/Desktop/source/zephyr-sdk-0.16.1/arm-zephyr-eabi/arm-zephyr-eabi/lib/thumb/v7-m/nofp\libc.a(lib_a-vfprintf.o)
 .rodata.blanks.1